Component: ARM Compiler 5.05 update 1 (build 106) Tool: armlink [4d0efa]

==============================================================================

Section Cross References

    main.o(i.main) refers to delay.o(i.delay_init) for delay_init
    main.o(i.main) refers to delay.o(i.delay_ms) for delay_ms
    main.o(i.main) refers to misc.o(i.NVIC_PriorityGroupConfig) for NVIC_PriorityGroupConfig
    main.o(i.main) refers to can1.o(i.CAN1_Configuration) for CAN1_Configuration
    main.o(i.main) refers to can2.o(i.CAN2_Configuration) for CAN2_Configuration
    main.o(i.main) refers to pwm.o(i.PWM_Configuration) for PWM_Configuration
    main.o(i.main) refers to task_init.o(i.TASK_Init) for TASK_Init
    main.o(i.main) refers to timer.o(i.TIM6_Configuration) for TIM6_Configuration
    main.o(i.main) refers to timer.o(i.TIM6_Start) for TIM6_Start
    system_stm32f4xx.o(i.SystemCoreClockUpdate) refers to system_stm32f4xx.o(.data) for SystemCoreClock
    system_stm32f4xx.o(i.SystemInit) refers to system_stm32f4xx.o(i.SetSysClock) for SetSysClock
    stm32f4xx_adc.o(i.ADC_DeInit) refers to stm32f4xx_rcc.o(i.RCC_APB2PeriphResetCmd) for RCC_APB2PeriphResetCmd
    stm32f4xx_can.o(i.CAN_DeInit) refers to stm32f4xx_rcc.o(i.RCC_APB1PeriphResetCmd) for RCC_APB1PeriphResetCmd
    stm32f4xx_can.o(i.CAN_GetITStatus) refers to stm32f4xx_can.o(i.CheckITStatus) for CheckITStatus
    stm32f4xx_cryp.o(i.CRYP_DeInit) refers to stm32f4xx_rcc.o(i.RCC_AHB2PeriphResetCmd) for RCC_AHB2PeriphResetCmd
    stm32f4xx_cryp_aes.o(i.CRYP_AES_CBC) refers to stm32f4xx_cryp.o(i.CRYP_KeyStructInit) for CRYP_KeyStructInit
    stm32f4xx_cryp_aes.o(i.CRYP_AES_CBC) refers to stm32f4xx_cryp.o(i.CRYP_FIFOFlush) for CRYP_FIFOFlush
    stm32f4xx_cryp_aes.o(i.CRYP_AES_CBC) refers to stm32f4xx_cryp.o(i.CRYP_Init) for CRYP_Init
    stm32f4xx_cryp_aes.o(i.CRYP_AES_CBC) refers to stm32f4xx_cryp.o(i.CRYP_KeyInit) for CRYP_KeyInit
    stm32f4xx_cryp_aes.o(i.CRYP_AES_CBC) refers to stm32f4xx_cryp.o(i.CRYP_Cmd) for CRYP_Cmd
    stm32f4xx_cryp_aes.o(i.CRYP_AES_CBC) refers to stm32f4xx_cryp.o(i.CRYP_GetFlagStatus) for CRYP_GetFlagStatus
    stm32f4xx_cryp_aes.o(i.CRYP_AES_CBC) refers to stm32f4xx_cryp.o(i.CRYP_IVInit) for CRYP_IVInit
    stm32f4xx_cryp_aes.o(i.CRYP_AES_CBC) refers to stm32f4xx_cryp.o(i.CRYP_GetCmdStatus) for CRYP_GetCmdStatus
    stm32f4xx_cryp_aes.o(i.CRYP_AES_CBC) refers to stm32f4xx_cryp.o(i.CRYP_DataIn) for CRYP_DataIn
    stm32f4xx_cryp_aes.o(i.CRYP_AES_CBC) refers to stm32f4xx_cryp.o(i.CRYP_DataOut) for CRYP_DataOut
    stm32f4xx_cryp_aes.o(i.CRYP_AES_CCM) refers to stm32f4xx_cryp.o(i.CRYP_KeyStructInit) for CRYP_KeyStructInit
    stm32f4xx_cryp_aes.o(i.CRYP_AES_CCM) refers to stm32f4xx_cryp.o(i.CRYP_FIFOFlush) for CRYP_FIFOFlush
    stm32f4xx_cryp_aes.o(i.CRYP_AES_CCM) refers to stm32f4xx_cryp.o(i.CRYP_KeyInit) for CRYP_KeyInit
    stm32f4xx_cryp_aes.o(i.CRYP_AES_CCM) refers to stm32f4xx_cryp.o(i.CRYP_IVInit) for CRYP_IVInit
    stm32f4xx_cryp_aes.o(i.CRYP_AES_CCM) refers to stm32f4xx_cryp.o(i.CRYP_Init) for CRYP_Init
    stm32f4xx_cryp_aes.o(i.CRYP_AES_CCM) refers to stm32f4xx_cryp.o(i.CRYP_PhaseConfig) for CRYP_PhaseConfig
    stm32f4xx_cryp_aes.o(i.CRYP_AES_CCM) refers to stm32f4xx_cryp.o(i.CRYP_DataIn) for CRYP_DataIn
    stm32f4xx_cryp_aes.o(i.CRYP_AES_CCM) refers to stm32f4xx_cryp.o(i.CRYP_Cmd) for CRYP_Cmd
    stm32f4xx_cryp_aes.o(i.CRYP_AES_CCM) refers to stm32f4xx_cryp.o(i.CRYP_GetCmdStatus) for CRYP_GetCmdStatus
    stm32f4xx_cryp_aes.o(i.CRYP_AES_CCM) refers to stm32f4xx_cryp.o(i.CRYP_GetFlagStatus) for CRYP_GetFlagStatus
    stm32f4xx_cryp_aes.o(i.CRYP_AES_CCM) refers to stm32f4xx_cryp.o(i.CRYP_DataOut) for CRYP_DataOut
    stm32f4xx_cryp_aes.o(i.CRYP_AES_CTR) refers to stm32f4xx_cryp.o(i.CRYP_KeyStructInit) for CRYP_KeyStructInit
    stm32f4xx_cryp_aes.o(i.CRYP_AES_CTR) refers to stm32f4xx_cryp.o(i.CRYP_KeyInit) for CRYP_KeyInit
    stm32f4xx_cryp_aes.o(i.CRYP_AES_CTR) refers to stm32f4xx_cryp.o(i.CRYP_Init) for CRYP_Init
    stm32f4xx_cryp_aes.o(i.CRYP_AES_CTR) refers to stm32f4xx_cryp.o(i.CRYP_IVInit) for CRYP_IVInit
    stm32f4xx_cryp_aes.o(i.CRYP_AES_CTR) refers to stm32f4xx_cryp.o(i.CRYP_FIFOFlush) for CRYP_FIFOFlush
    stm32f4xx_cryp_aes.o(i.CRYP_AES_CTR) refers to stm32f4xx_cryp.o(i.CRYP_Cmd) for CRYP_Cmd
    stm32f4xx_cryp_aes.o(i.CRYP_AES_CTR) refers to stm32f4xx_cryp.o(i.CRYP_GetCmdStatus) for CRYP_GetCmdStatus
    stm32f4xx_cryp_aes.o(i.CRYP_AES_CTR) refers to stm32f4xx_cryp.o(i.CRYP_DataIn) for CRYP_DataIn
    stm32f4xx_cryp_aes.o(i.CRYP_AES_CTR) refers to stm32f4xx_cryp.o(i.CRYP_GetFlagStatus) for CRYP_GetFlagStatus
    stm32f4xx_cryp_aes.o(i.CRYP_AES_CTR) refers to stm32f4xx_cryp.o(i.CRYP_DataOut) for CRYP_DataOut
    stm32f4xx_cryp_aes.o(i.CRYP_AES_ECB) refers to stm32f4xx_cryp.o(i.CRYP_KeyStructInit) for CRYP_KeyStructInit
    stm32f4xx_cryp_aes.o(i.CRYP_AES_ECB) refers to stm32f4xx_cryp.o(i.CRYP_FIFOFlush) for CRYP_FIFOFlush
[...]
    STLibraries\\src\\stm32f4xx_can.c        0x00000000   Number         0  stm32f4xx_can.o ABSOLUTE
    STLibraries\\src\\stm32f4xx_crc.c        0x00000000   Number         0  stm32f4xx_crc.o ABSOLUTE
    STLibraries\\src\\stm32f4xx_cryp.c       0x00000000   Number         0  stm32f4xx_cryp.o ABSOLUTE
    STLibraries\\src\\stm32f4xx_cryp_aes.c   0x00000000   Number         0  stm32f4xx_cryp_aes.o ABSOLUTE
    STLibraries\\src\\stm32f4xx_cryp_des.c   0x00000000   Number         0  stm32f4xx_cryp_des.o ABSOLUTE
    STLibraries\\src\\stm32f4xx_cryp_tdes.c  0x00000000   Number         0  stm32f4xx_cryp_tdes.o ABSOLUTE
    STLibraries\\src\\stm32f4xx_dac.c        0x00000000   Number         0  stm32f4xx_dac.o ABSOLUTE
    STLibraries\\src\\stm32f4xx_dbgmcu.c     0x00000000   Number         0  stm32f4xx_dbgmcu.o ABSOLUTE
    STLibraries\\src\\stm32f4xx_dcmi.c       0x00000000   Number         0  stm32f4xx_dcmi.o ABSOLUTE
    STLibraries\\src\\stm32f4xx_dma.c        0x00000000   Number         0  stm32f4xx_dma.o ABSOLUTE
    STLibraries\\src\\stm32f4xx_dma2d.c      0x00000000   Number         0  stm32f4xx_dma2d.o ABSOLUTE
    STLibraries\\src\\stm32f4xx_exti.c       0x00000000   Number         0  stm32f4xx_exti.o ABSOLUTE
    STLibraries\\src\\stm32f4xx_flash.c      0x00000000   Number         0  stm32f4xx_flash.o ABSOLUTE
    STLibraries\\src\\stm32f4xx_flash_ramfunc.c 0x00000000   Number         0  stm32f4xx_flash_ramfunc.o ABSOLUTE
    STLibraries\\src\\stm32f4xx_fsmc.c       0x00000000   Number         0  stm32f4xx_fsmc.o ABSOLUTE
    STLibraries\\src\\stm32f4xx_gpio.c       0x00000000   Number         0  stm32f4xx_gpio.o ABSOLUTE
    STLibraries\\src\\stm32f4xx_hash.c       0x00000000   Number         0  stm32f4xx_hash.o ABSOLUTE
    STLibraries\\src\\stm32f4xx_hash_md5.c   0x00000000   Number         0  stm32f4xx_hash_md5.o ABSOLUTE
    STLibraries\\src\\stm32f4xx_hash_sha1.c  0x00000000   Number         0  stm32f4xx_hash_sha1.o ABSOLUTE
    STLibraries\\src\\stm32f4xx_i2c.c        0x00000000   Number         0  stm32f4xx_i2c.o ABSOLUTE
    STLibraries\\src\\stm32f4xx_iwdg.c       0x00000000   Number         0  stm32f4xx_iwdg.o ABSOLUTE
    STLibraries\\src\\stm32f4xx_ltdc.c       0x00000000   Number         0  stm32f4xx_ltdc.o ABSOLUTE
    STLibraries\\src\\stm32f4xx_pwr.c        0x00000000   Number         0  stm32f4xx_pwr.o ABSOLUTE
    STLibraries\\src\\stm32f4xx_rcc.c        0x00000000   Number         0  stm32f4xx_rcc.o ABSOLUTE
    STLibraries\\src\\stm32f4xx_rng.c        0x00000000   Number         0  stm32f4xx_rng.o ABSOLUTE
    STLibraries\\src\\stm32f4xx_rtc.c        0x00000000   Number         0  stm32f4xx_rtc.o ABSOLUTE
    STLibraries\\src\\stm32f4xx_sai.c        0x00000000   Number         0  stm32f4xx_sai.o ABSOLUTE
    STLibraries\\src\\stm32f4xx_sdio.c       0x00000000   Number         0  stm32f4xx_sdio.o ABSOLUTE
    STLibraries\\src\\stm32f4xx_spi.c        0x00000000   Number         0  stm32f4xx_spi.o ABSOLUTE
    STLibraries\\src\\stm32f4xx_syscfg.c     0x00000000   Number         0  stm32f4xx_syscfg.o ABSOLUTE
    STLibraries\\src\\stm32f4xx_tim.c        0x00000000   Number         0  stm32f4xx_tim.o ABSOLUTE
    STLibraries\\src\\stm32f4xx_usart.c      0x00000000   Number         0  stm32f4xx_usart.o ABSOLUTE
    STLibraries\\src\\stm32f4xx_wwdg.c       0x00000000   Number         0  stm32f4xx_wwdg.o ABSOLUTE
    STLibraries\src\misc.c                   0x00000000   Number         0  misc.o ABSOLUTE
    STLibraries\src\stm32f4xx_adc.c          0x00000000   Number         0  stm32f4xx_adc.o ABSOLUTE
    STLibraries\src\stm32f4xx_can.c          0x00000000   Number         0  stm32f4xx_can.o ABSOLUTE
    STLibraries\src\stm32f4xx_crc.c          0x00000000   Number         0  stm32f4xx_crc.o ABSOLUTE
    STLibraries\src\stm32f4xx_cryp.c         0x00000000   Number         0  stm32f4xx_cryp.o ABSOLUTE
    STLibraries\src\stm32f4xx_cryp_aes.c     0x00000000   Number         0  stm32f4xx_cryp_aes.o ABSOLUTE
    STLibraries\src\stm32f4xx_cryp_des.c     0x00000000   Number         0  stm32f4xx_cryp_des.o ABSOLUTE
    STLibraries\src\stm32f4xx_cryp_tdes.c    0x00000000   Number         0  stm32f4xx_cryp_tdes.o ABSOLUTE
    STLibraries\src\stm32f4xx_dac.c          0x00000000   Number         0  stm32f4xx_dac.o ABSOLUTE
    STLibraries\src\stm32f4xx_dbgmcu.c       0x00000000   Number         0  stm32f4xx_dbgmcu.o ABSOLUTE
    STLibraries\src\stm32f4xx_dcmi.c         0x00000000   Number         0  stm32f4xx_dcmi.o ABSOLUTE
    STLibraries\src\stm32f4xx_dma.c          0x00000000   Number         0  stm32f4xx_dma.o ABSOLUTE
    STLibraries\src\stm32f4xx_dma2d.c        0x00000000   Number         0  stm32f4xx_dma2d.o ABSOLUTE
    STLibraries\src\stm32f4xx_exti.c         0x00000000   Number         0  stm32f4xx_exti.o ABSOLUTE
    STLibraries\src\stm32f4xx_flash.c        0x00000000   Number         0  stm32f4xx_flash.o ABSOLUTE
    STLibraries\src\stm32f4xx_flash_ramfunc.c 0x00000000   Number         0  stm32f4xx_flash_ramfunc.o ABSOLUTE
    STLibraries\src\stm32f4xx_fsmc.c         0x00000000   Number         0  stm32f4xx_fsmc.o ABSOLUTE
    STLibraries\src\stm32f4xx_gpio.c         0x00000000   Number         0  stm32f4xx_gpio.o ABSOLUTE
    STLibraries\src\stm32f4xx_hash.c         0x00000000   Number         0  stm32f4xx_hash.o ABSOLUTE
    STLibraries\src\stm32f4xx_hash_md5.c     0x00000000   Number         0  stm32f4xx_hash_md5.o ABSOLUTE
    STLibraries\src\stm32f4xx_hash_sha1.c    0x00000000   Number         0  stm32f4xx_hash_sha1.o ABSOLUTE
    STLibraries\src\stm32f4xx_i2c.c          0x00000000   Number         0  stm32f4xx_i2c.o ABSOLUTE
    STLibraries\src\stm32f4xx_iwdg.c         0x00000000   Number         0  stm32f4xx_iwdg.o ABSOLUTE
    STLibraries\src\stm32f4xx_ltdc.c         0x00000000   Number         0  stm32f4xx_ltdc.o ABSOLUTE
    STLibraries\src\stm32f4xx_pwr.c          0x00000000   Number         0  stm32f4xx_pwr.o ABSOLUTE
    STLibraries\src\stm32f4xx_rcc.c          0x00000000   Number         0  stm32f4xx_rcc.o ABSOLUTE
    STLibraries\src\stm32f4xx_rng.c          0x00000000   Number         0  stm32f4xx_rng.o ABSOLUTE
    STLibraries\src\stm32f4xx_rtc.c          0x00000000   Number         0  stm32f4xx_rtc.o ABSOLUTE
    STLibraries\src\stm32f4xx_sai.c          0x00000000   Number         0  stm32f4xx_sai.o ABSOLUTE
    STLibraries\src\stm32f4xx_sdio.c         0x00000000   Number         0  stm32f4xx_sdio.o ABSOLUTE
    STLibraries\src\stm32f4xx_spi.c          0x00000000   Number         0  stm32f4xx_spi.o ABSOLUTE
    STLibraries\src\stm32f4xx_syscfg.c       0x00000000   Number         0  stm32f4xx_syscfg.o ABSOLUTE
    STLibraries\src\stm32f4xx_tim.c          0x00000000   Number         0  stm32f4xx_tim.o ABSOLUTE
    STLibraries\src\stm32f4xx_usart.c        0x00000000   Number         0  stm32f4xx_usart.o ABSOLUTE
    STLibraries\src\stm32f4xx_wwdg.c         0x00000000   Number         0  stm32f4xx_wwdg.o ABSOLUTE
    SYSTEM\AMMO_MOTOR.c                      0x00000000   Number         0  ammo_motor.o ABSOLUTE
    SYSTEM\BRIGHT.c                          0x00000000   Number         0  bright.o ABSOLUTE
    SYSTEM\CHASSIS_Motor.c                   0x00000000   Number         0  chassis_motor.o ABSOLUTE
    SYSTEM\Encoder_Process.c                 0x00000000   Number         0  encoder_process.o ABSOLUTE
    SYSTEM\Pitch_Yaw_Motor.c                 0x00000000   Number         0  pitch_yaw_motor.o ABSOLUTE
    SYSTEM\Position_Switch.c                 0x00000000   Number         0  position_switch.o ABSOLUTE
    SYSTEM\STATE_HANDLE_CHANGE.c             0x00000000   Number         0  state_handle_change.o ABSOLUTE
    SYSTEM\STEERING.c                        0x00000000   Number         0  steering.o ABSOLUTE
    SYSTEM\ShooterMControlLoop.c             0x00000000   Number         0  shootermcontrolloop.o ABSOLUTE
    SYSTEM\TASK_Init.c                       0x00000000   Number         0  task_init.o ABSOLUTE
    SYSTEM\\AMMO_MOTOR.c                     0x00000000   Number         0  ammo_motor.o ABSOLUTE
    SYSTEM\\BRIGHT.c                         0x00000000   Number         0  bright.o ABSOLUTE
    SYSTEM\\CHASSIS_Motor.c                  0x00000000   Number         0  chassis_motor.o ABSOLUTE
    SYSTEM\\Encoder_Process.c                0x00000000   Number         0  encoder_process.o ABSOLUTE
    SYSTEM\\Pitch_Yaw_Motor.c                0x00000000   Number         0  pitch_yaw_motor.o ABSOLUTE
    SYSTEM\\Position_Switch.c                0x00000000   Number         0  position_switch.o ABSOLUTE
    SYSTEM\\STATE_HANDLE_CHANGE.c            0x00000000   Number         0  state_handle_change.o ABSOLUTE
    SYSTEM\\STEERING.c                       0x00000000   Number         0  steering.o ABSOLUTE
    SYSTEM\\ShooterMControlLoop.c            0x00000000   Number         0  shootermcontrolloop.o ABSOLUTE
    SYSTEM\\TASK_Init.c                      0x00000000   Number         0  task_init.o ABSOLUTE
    SYSTEM\\can1.c                           0x00000000   Number         0  can1.o ABSOLUTE
    SYSTEM\\can2.c                           0x00000000   Number         0  can2.o ABSOLUTE
    SYSTEM\\delay.c                          0x00000000   Number         0  delay.o ABSOLUTE
    SYSTEM\\pid.c                            0x00000000   Number         0  pid.o ABSOLUTE
    SYSTEM\\pwm.c                            0x00000000   Number         0  pwm.o ABSOLUTE
    SYSTEM\\ramp.c                           0x00000000   Number         0  ramp.o ABSOLUTE
    SYSTEM\\timer.c                          0x00000000   Number         0  timer.o ABSOLUTE
    SYSTEM\can1.c                            0x00000000   Number         0  can1.o ABSOLUTE
    SYSTEM\can2.c                            0x00000000   Number         0  can2.o ABSOLUTE
    SYSTEM\delay.c                           0x00000000   Number         0  delay.o ABSOLUTE
    SYSTEM\pid.c                             0x00000000   Number         0  pid.o ABSOLUTE
    SYSTEM\pwm.c                             0x00000000   Number         0  pwm.o ABSOLUTE
    SYSTEM\ramp.c                            0x00000000   Number         0  ramp.o ABSOLUTE
    SYSTEM\timer.c                           0x00000000   Number         0  timer.o ABSOLUTE
    USER\\main.c                             0x00000000   Number         0  main.o ABSOLUTE
    USER\\stm32f4xx_it.c                     0x00000000   Number         0  stm32f4xx_it.o ABSOLUTE
    USER\\system_stm32f4xx.c                 0x00000000   Number         0  system_stm32f4xx.o ABSOLUTE
    USER\main.c                              0x00000000   Number         0  main.o ABSOLUTE
    USER\stm32f4xx_it.c                      0x00000000   Number         0  stm32f4xx_it.o ABSOLUTE
    USER\system_stm32f4xx.c                  0x00000000   Number         0  system_stm32f4xx.o ABSOLUTE
    dc.s                                     0x00000000   Number         0  dc.o ABSOLUTE
    RESET                                    0x08000000   Section      392  startup_stm32f40_41xxx.o(RESET)
    !!!main                                  0x08000188   Section        8  __main.o(!!!main)
    !!!scatter                               0x08000190   Section       52  __scatter.o(!!!scatter)
    !!dczerorl2                              0x080001c4   Section       90  __dczerorl2.o(!!dczerorl2)
    !!handler_zi                             0x08000220   Section       28  __scatter_zi.o(!!handler_zi)
    .ARM.Collect$$libinit$$00000000          0x0800023c   Section        2  libinit.o(.ARM.Collect$$libinit$$00000000)
    .ARM.Collect$$libinit$$00000001          0x0800023e   Section        4  libinit2.o(.ARM.Collect$$libinit$$00000001)
    .ARM.Collect$$libinit$$00000004          0x08000242   Section        0  libinit2.o(.ARM.Collect$$libinit$$00000004)
    .ARM.Collect$$libinit$$0000000A          0x08000242   Section        0  libinit2.o(.ARM.Collect$$libinit$$0000000A)
    .ARM.Collect$$libinit$$0000000C          0x08000242   Section        0  libinit2.o(.ARM.Collect$$libinit$$0000000C)
    .ARM.Collect$$libinit$$0000000E          0x08000242   Section        0  libinit2.o(.ARM.Collect$$libinit$$0000000E)
    .ARM.Collect$$libinit$$00000011          0x08000242   Section        0  libinit2.o(.ARM.Collect$$libinit$$00000011)
    .ARM.Collect$$libinit$$00000013          0x08000242   Section        0  libinit2.o(.ARM.Collect$$libinit$$00000013)
    .ARM.Collect$$libinit$$00000015          0x08000242   Section        0  libinit2.o(.ARM.Collect$$libinit$$00000015)
    .ARM.Collect$$libinit$$00000017          0x08000242   Section        0  libinit2.o(.ARM.Collect$$libinit$$00000017)
    .ARM.Collect$$libinit$$00000019          0x08000242   Section        0  libinit2.o(.ARM.Collect$$libinit$$00000019)
    .ARM.Collect$$libinit$$0000001B          0x08000242   Section        0  libinit2.o(.ARM.Collect$$libinit$$0000001B)
    .ARM.Collect$$libinit$$0000001D          0x08000242   Section        0  libinit2.o(.ARM.Collect$$libinit$$0000001D)
    .ARM.Collect$$libinit$$0000001F          0x08000242   Section        0  libinit2.o(.ARM.Collect$$libinit$$0000001F)
    .ARM.Collect$$libinit$$00000021          0x08000242   Section        0  libinit2.o(.ARM.Collect$$libinit$$00000021)
    .ARM.Collect$$libinit$$00000023          0x08000242   Section        0  libinit2.o(.ARM.Collect$$libinit$$00000023)
    .ARM.Collect$$libinit$$00000025          0x08000242   Section        0  libinit2.o(.ARM.Collect$$libinit$$00000025)
    .ARM.Collect$$libinit$$0000002C          0x08000242   Section        0  libinit2.o(.ARM.Collect$$libinit$$0000002C)
    .ARM.Collect$$libinit$$0000002E          0x08000242   Section        0  libinit2.o(.ARM.Collect$$libinit$$0000002E)
    .ARM.Collect$$libinit$$00000030          0x08000242   Section        0  libinit2.o(.ARM.Collect$$libinit$$00000030)
    .ARM.Collect$$libinit$$00000032          0x08000242   Section        0  libinit2.o(.ARM.Collect$$libinit$$00000032)
    .ARM.Collect$$libinit$$00000033          0x08000242   Section        2  libinit2.o(.ARM.Collect$$libinit$$00000033)
    .ARM.Collect$$libshutdown$$00000000      0x08000244   Section        2  libshutdown.o(.ARM.Collect$$libshutdown$$00000000)
    .ARM.Collect$$libshutdown$$00000003      0x08000246   Section        0  libshutdown2.o(.ARM.Collect$$libshutdown$$00000003)
    .ARM.Collect$$libshutdown$$00000006      0x08000246   Section        0  libshutdown2.o(.ARM.Collect$$libshutdown$$00000006)
    .ARM.Collect$$libshutdown$$00000009      0x08000246   Section        0  libshutdown2.o(.ARM.Collect$$libshutdown$$00000009)
    .ARM.Collect$$libshutdown$$0000000B      0x08000246   Section        0  libshutdown2.o(.ARM.Collect$$libshutdown$$0000000B)
    .ARM.Collect$$libshutdown$$0000000E      0x08000246   Section        0  libshutdown2.o(.ARM.Collect$$libshutdown$$0000000E)
    .ARM.Collect$$libshutdown$$0000000F      0x08000246   Section        2  libshutdown2.o(.ARM.Collect$$libshutdown$$0000000F)
    .ARM.Collect$$rtentry$$00000000          0x08000248   Section        0  __rtentry.o(.ARM.Collect$$rtentry$$00000000)
    .ARM.Collect$$rtentry$$00000002          0x08000248   Section        0  __rtentry2.o(.ARM.Collect$$rtentry$$00000002)
    .ARM.Collect$$rtentry$$00000004          0x08000248   Section        6  __rtentry4.o(.ARM.Collect$$rtentry$$00000004)
    .ARM.Collect$$rtentry$$00000009          0x0800024e   Section        0  __rtentry2.o(.ARM.Collect$$rtentry$$00000009)
    .ARM.Collect$$rtentry$$0000000A          0x0800024e   Section        4  __rtentry2.o(.ARM.Collect$$rtentry$$0000000A)
    .ARM.Collect$$rtentry$$0000000C          0x08000252   Section        0  __rtentry2.o(.ARM.Collect$$rtentry$$0000000C)
    .ARM.Collect$$rtentry$$0000000D          0x08000252   Section        8  __rtentry2.o(.ARM.Collect$$rtentry$$0000000D)
    .ARM.Collect$$rtexit$$00000000           0x0800025a   Section        2  rtexit.o(.ARM.Collect$$rtexit$$00000000)
    .ARM.Collect$$rtexit$$00000002           0x0800025c   Section        0  rtexit2.o(.ARM.Collect$$rtexit$$00000002)
    .ARM.Collect$$rtexit$$00000003           0x0800025c   Section        4  rtexit2.o(.ARM.Collect$$rtexit$$00000003)
    .ARM.Collect$$rtexit$$00000004           0x08000260   Section        6  rtexit2.o(.ARM.Collect$$rtexit$$00000004)
    .text                                    0x08000268   Section       64  startup_stm32f40_41xxx.o(.text)
    $v0                                      0x08000268   Number         0  startup_stm32f40_41xxx.o(.text)
    .text                                    0x080002a8   Section        0  heapauxi.o(.text)
    .text                                    0x080002ae   Section       74  sys_stackheap_outer.o(.text)
    .text                                    0x080002f8   Section        0  exit.o(.text)
    .text                                    0x08000304   Section        8  libspace.o(.text)
    .text                                    0x0800030c   Section        0  sys_exit.o(.text)
    .text                                    0x08000318   Section        2  use_no_semi.o(.text)
    .text                                    0x0800031a   Section        0  indicate_semi.o(.text)
    i.AMMO_HANDLE                            0x0800031a   Section        0  state_handle_change.o(i.AMMO_HANDLE)
    i.AMMO_MOTOR                             0x08000344   Section        0  ammo_motor.o(i.AMMO_MOTOR)
    i.BRIGHT                                 0x0800047c   Section        0  bright.o(i.BRIGHT)
    i.BusFault_Handler                       0x08000534   Section        0  stm32f4xx_it.o(i.BusFault_Handler)
    i.CAN1_Configuration                     0x08000538   Section        0  can1.o(i.CAN1_Configuration)
    i.CAN1_RX0_IRQHandler                    0x08000648   Section        0  can1.o(i.CAN1_RX0_IRQHandler)
    i.CAN1_TX_IRQHandler                     0x08000684   Section        0  can1.o(i.CAN1_TX_IRQHandler)
    i.CAN2_Configuration                     0x080006a0   Section        0  can2.o(i.CAN2_Configuration)
    i.CAN2_RX0_IRQHandler                    0x080007b8   Section        0  can2.o(i.CAN2_RX0_IRQHandler)
    i.CAN2_TX_IRQHandler                     0x080007e0   Section        0  can2.o(i.CAN2_TX_IRQHandler)
    i.CAN_ClearFlag                          0x080007fc   Section        0  stm32f4xx_can.o(i.CAN_ClearFlag)
    i.CAN_ClearITPendingBit                  0x08000834   Section        0  stm32f4xx_can.o(i.CAN_ClearITPendingBit)
    i.CAN_DeInit                             0x080008dc   Section        0  stm32f4xx_can.o(i.CAN_DeInit)
    i.CAN_FilterInit                         0x08000914   Section        0  stm32f4xx_can.o(i.CAN_FilterInit)
    i.CAN_GetITStatus                        0x08000a1c   Section        0  stm32f4xx_can.o(i.CAN_GetITStatus)
    i.CAN_ITConfig                           0x08000b3c   Section        0  stm32f4xx_can.o(i.CAN_ITConfig)
    i.CAN_Init                               0x08000b4e   Section        0  stm32f4xx_can.o(i.CAN_Init)
    i.CAN_Receive                            0x08000c62   Section        0  stm32f4xx_can.o(i.CAN_Receive)
    i.CAN_StructInit                         0x08000d52   Section        0  stm32f4xx_can.o(i.CAN_StructInit)
    i.CAN_Transmit                           0x08000d72   Section        0  stm32f4xx_can.o(i.CAN_Transmit)
    i.CanReceiveMsgProcess                   0x08000e98   Section        0  encoder_process.o(i.CanReceiveMsgProcess)
    i.CheckITStatus                          0x08001048   Section        0  stm32f4xx_can.o(i.CheckITStatus)
    CheckITStatus                            0x08001049   Thumb Code    18  stm32f4xx_can.o(i.CheckITStatus)
    i.DebugMon_Handler                       0x0800105a   Section        0  stm32f4xx_it.o(i.DebugMon_Handler)
    i.GPIO_Init                              0x0800105c   Section        0  stm32f4xx_gpio.o(i.GPIO_Init)
    i.GPIO_PinAFConfig                       0x080010ec   Section        0  stm32f4xx_gpio.o(i.GPIO_PinAFConfig)
    i.GPIO_ReadInputDataBit                  0x08001132   Section        0  stm32f4xx_gpio.o(i.GPIO_ReadInputDataBit)
    i.GPIO_ResetBits                         0x08001144   Section        0  stm32f4xx_gpio.o(i.GPIO_ResetBits)
    i.GPIO_SetBits                           0x08001148   Section        0  stm32f4xx_gpio.o(i.GPIO_SetBits)
    i.GetEncoderBias                         0x0800114c   Section        0  encoder_process.o(i.GetEncoderBias)
    i.HardFault_Handler                      0x08001160   Section        0  stm32f4xx_it.o(i.HardFault_Handler)
    i.MOTOR_POSITION_CHANGE                  0x08001164   Section        0  ammo_motor.o(i.MOTOR_POSITION_CHANGE)
    i.MemManage_Handler                      0x0800120c   Section        0  stm32f4xx_it.o(i.MemManage_Handler)
    i.Motor_2310_EncoderProcess              0x08001210   Section        0  encoder_process.o(i.Motor_2310_EncoderProcess)
    i.Motor_3510_EncoderProcess              0x0800131c   Section        0  encoder_process.o(i.Motor_3510_EncoderProcess)
    i.Motor_6623_EncoderProcess              0x08001428   Section        0  encoder_process.o(i.Motor_6623_EncoderProcess)
    i.NMI_Handler                            0x08001520   Section        0  stm32f4xx_it.o(i.NMI_Handler)
    i.NVIC_Init                              0x08001524   Section        0  misc.o(i.NVIC_Init)
    i.NVIC_PriorityGroupConfig               0x0800159c   Section        0  misc.o(i.NVIC_PriorityGroupConfig)
    i.PID_Calc                               0x080015b0   Section        0  pid.o(i.PID_Calc)
    i.PID_Reset                              0x0800197c   Section        0  pid.o(i.PID_Reset)
    i.PWM_Configuration                      0x080019d0   Section        0  pwm.o(i.PWM_Configuration)
    i.PWM_Configuration_AUTO                 0x08001a64   Section        0  pwm.o(i.PWM_Configuration_AUTO)
    i.PendSV_Handler                         0x08001c88   Section        0  stm32f4xx_it.o(i.PendSV_Handler)
    i.RCC_AHB1PeriphClockCmd                 0x08001c8c   Section        0  stm32f4xx_rcc.o(i.RCC_AHB1PeriphClockCmd)
    i.RCC_APB1PeriphClockCmd                 0x08001cac   Section        0  stm32f4xx_rcc.o(i.RCC_APB1PeriphClockCmd)
    i.RCC_APB1PeriphResetCmd                 0x08001ccc   Section        0  stm32f4xx_rcc.o(i.RCC_APB1PeriphResetCmd)
    i.RCC_APB2PeriphClockCmd                 0x08001cec   Section        0  stm32f4xx_rcc.o(i.RCC_APB2PeriphClockCmd)
    i.RampCalc                               0x08001d0c   Section        0  ramp.o(i.RampCalc)
    i.RampInit                               0x08001d3e   Section        0  ramp.o(i.RampInit)
    i.RampIsOverflow                         0x08001d40   Section        0  ramp.o(i.RampIsOverflow)
    i.RampResetCounter                       0x08001d6c   Section        0  ramp.o(i.RampResetCounter)
    i.RampSetCounter                         0x08001d72   Section        0  ramp.o(i.RampSetCounter)
    i.RampSetScale                           0x08001d76   Section        0  ramp.o(i.RampSetScale)
    i.STATE_HANDLE_CHANGE                    0x08001d7c   Section        0  state_handle_change.o(i.STATE_HANDLE_CHANGE)
    i.STEERING_STATE                         0x08001f9c   Section        0  steering.o(i.STEERING_STATE)
    i.SVC_Handler                            0x08002024   Section        0  stm32f4xx_it.o(i.SVC_Handler)
    i.SetSysClock                            0x08002028   Section        0  system_stm32f4xx.o(i.SetSysClock)
    SetSysClock                              0x08002029   Thumb Code   220  system_stm32f4xx.o(i.SetSysClock)
    i.Set_CM_Speed                           0x08002114   Section        0  can2.o(i.Set_CM_Speed)
    i.Switch_GPIO_PinSource                  0x08002170   Section        0  pwm.o(i.Switch_GPIO_PinSource)
    i.SysTick_CLKSourceConfig                0x0800222e   Section        0  misc.o(i.SysTick_CLKSourceConfig)
    i.SysTick_Handler                        0x08002256   Section        0  stm32f4xx_it.o(i.SysTick_Handler)
    i.SystemInit                             0x08002258   Section        0  system_stm32f4xx.o(i.SystemInit)
    i.TASK_Init                              0x080022c0   Section        0  task_init.o(i.TASK_Init)
    i.TIM6_Configuration                     0x080023e4   Section        0  timer.o(i.TIM6_Configuration)
    i.TIM6_DAC_IRQHandler                    0x08002430   Section        0  timer.o(i.TIM6_DAC_IRQHandler)
    i.TIM6_Start                             0x080024dc   Section        0  timer.o(i.TIM6_Start)
    i.TIM_ARRPreloadConfig                   0x08002500   Section        0  stm32f4xx_tim.o(i.TIM_ARRPreloadConfig)
    i.TIM_ClearFlag                          0x08002518   Section        0  stm32f4xx_tim.o(i.TIM_ClearFlag)
    i.TIM_ClearITPendingBit                  0x0800251e   Section        0  stm32f4xx_tim.o(i.TIM_ClearITPendingBit)
    i.TIM_Cmd                                0x08002524   Section        0  stm32f4xx_tim.o(i.TIM_Cmd)
    i.TIM_CtrlPWMOutputs                     0x0800253c   Section        0  stm32f4xx_tim.o(i.TIM_CtrlPWMOutputs)
    i.TIM_GetITStatus                        0x0800255a   Section        0  stm32f4xx_tim.o(i.TIM_GetITStatus)
    i.TIM_ITConfig                           0x0800257c   Section        0  stm32f4xx_tim.o(i.TIM_ITConfig)
    i.TIM_OC1Init                            0x08002590   Section        0  stm32f4xx_tim.o(i.TIM_OC1Init)
    i.TIM_OC1PreloadConfig                   0x0800260c   Section        0  stm32f4xx_tim.o(i.TIM_OC1PreloadConfig)
    i.TIM_OC2Init                            0x08002620   Section        0  stm32f4xx_tim.o(i.TIM_OC2Init)
    i.TIM_OC2PreloadConfig                   0x080026c4   Section        0  stm32f4xx_tim.o(i.TIM_OC2PreloadConfig)
    i.TIM_OC3Init                            0x080026e0   Section        0  stm32f4xx_tim.o(i.TIM_OC3Init)
    i.TIM_OC3PreloadConfig                   0x08002780   Section        0  stm32f4xx_tim.o(i.TIM_OC3PreloadConfig)
    i.TIM_OC4Init                            0x08002794   Section        0  stm32f4xx_tim.o(i.TIM_OC4Init)
    i.TIM_OC4PreloadConfig                   0x0800280c   Section        0  stm32f4xx_tim.o(i.TIM_OC4PreloadConfig)
    i.TIM_SetCompare1                        0x08002826   Section        0  stm32f4xx_tim.o(i.TIM_SetCompare1)
    i.TIM_SetCompare2                        0x0800282a   Section        0  stm32f4xx_tim.o(i.TIM_SetCompare2)
    i.TIM_SetCompare3                        0x0800282e   Section        0  stm32f4xx_tim.o(i.TIM_SetCompare3)
    i.TIM_TimeBaseInit                       0x08002834   Section        0  stm32f4xx_tim.o(i.TIM_TimeBaseInit)
    i.UsageFault_Handler                     0x080028b8   Section        0  stm32f4xx_it.o(i.UsageFault_Handler)
    i.delay_init                             0x080028bc   Section        0  delay.o(i.delay_init)
    i.delay_ms                               0x080028f8   Section        0  delay.o(i.delay_ms)
    i.delay_xms                              0x08002930   Section        0  delay.o(i.delay_xms)
    i.main                                   0x0800297c   Section        0  main.o(i.main)
    x$fpl$basic                              0x080029ae   Section       24  basic.o(x$fpl$basic)
    $v0                                      0x080029ae   Number         0  basic.o(x$fpl$basic)
    x$fpl$dadd                               0x080029c8   Section      336  daddsub_clz.o(x$fpl$dadd)
    $v0                                      0x080029c8   Number         0  daddsub_clz.o(x$fpl$dadd)
    _dadd1                                   0x080029d9   Thumb Code     0  daddsub_clz.o(x$fpl$dadd)
    x$fpl$dcmpinf                            0x08002b18   Section       24  dcmpi.o(x$fpl$dcmpinf)
    $v0                                      0x08002b18   Number         0  dcmpi.o(x$fpl$dcmpinf)
    x$fpl$ddiv                               0x08002b30   Section      688  ddiv.o(x$fpl$ddiv)
    $v0                                      0x08002b30   Number         0  ddiv.o(x$fpl$ddiv)
    ddiv_entry                               0x08002b37   Thumb Code     0  ddiv.o(x$fpl$ddiv)
    x$fpl$deqf                               0x08002de0   Section      120  deqf.o(x$fpl$deqf)
    $v0                                      0x08002de0   Number         0  deqf.o(x$fpl$deqf)
    x$fpl$dfix                               0x08002e58   Section       94  dfix.o(x$fpl$dfix)
    $v0                                      0x08002e58   Number         0  dfix.o(x$fpl$dfix)
    x$fpl$dflt                               0x08002eb6   Section       46  dflt_clz.o(x$fpl$dflt)
    $v0                                      0x08002eb6   Number         0  dflt_clz.o(x$fpl$dflt)
    x$fpl$dleqf                              0x08002ee4   Section      120  dleqf.o(x$fpl$dleqf)
    $v0                                      0x08002ee4   Number         0  dleqf.o(x$fpl$dleqf)
    x$fpl$dmul                               0x08002f5c   Section      340  dmul.o(x$fpl$dmul)
    $v0                                      0x08002f5c   Number         0  dmul.o(x$fpl$dmul)
    x$fpl$dnaninf                            0x080030b0   Section      156  dnaninf.o(x$fpl$dnaninf)
    $v0                                      0x080030b0   Number         0  dnaninf.o(x$fpl$dnaninf)
    x$fpl$dretinf                            0x0800314c   Section       12  dretinf.o(x$fpl$dretinf)
    $v0                                      0x0800314c   Number         0  dretinf.o(x$fpl$dretinf)
    x$fpl$drleqf                             0x08003158   Section      108  drleqf.o(x$fpl$drleqf)
    $v0                                      0x08003158   Number         0  drleqf.o(x$fpl$drleqf)
    x$fpl$dsub                               0x080031c4   Section      468  daddsub_clz.o(x$fpl$dsub)
    $v0                                      0x080031c4   Number         0  daddsub_clz.o(x$fpl$dsub)
    _dsub1                                   0x080031d5   Thumb Code     0  daddsub_clz.o(x$fpl$dsub)
    x$fpl$fpinit                             0x08003398   Section       10  fpinit.o(x$fpl$fpinit)
    $v0                                      0x08003398   Number         0  fpinit.o(x$fpl$fpinit)
    x$fpl$usenofp                            0x080033a2   Section        0  usenofp.o(x$fpl$usenofp)
    .data                                    0x20000000   Section     1928  bianliang_definition.o(.data)
    .data                                    0x20000788   Section        4  delay.o(.data)
    fac_us                                   0x20000788   Data           1  delay.o(.data)
    fac_ms                                   0x2000078a   Data           2  delay.o(.data)
    .data                                    0x2000078c   Section        8  encoder_process.o(.data)
    can_count                                0x2000078c   Data           4  encoder_process.o(.data)
    .bss                                     0x20000798   Section      504  bianliang_definition.o(.bss)
    .bss                                     0x20000990   Section       96  libspace.o(.bss)
    HEAP                                     0x200009f0   Section      512  startup_stm32f40_41xxx.o(HEAP)
    Heap_Mem                                 0x200009f0   Data         512  startup_stm32f40_41xxx.o(HEAP)
    STACK                                    0x20000bf0   Section     1024  startup_stm32f40_41xxx.o(STACK)
    Stack_Mem                                0x20000bf0   Data        1024  startup_stm32f40_41xxx.o(STACK)
    __initial_sp                             0x20000ff0   Data           0  startup_stm32f40_41xxx.o(STACK)

    Global Symbols

    Symbol Name                              Value     Ov Type        Size  Object(Section)

    BuildAttributes$$THM_ISAv4$E$P$D$K$B$S$7EM$VFPi3$EXTD16$VFPS$VFMA$PE$A:L22UL41UL21$X:L11$S22US41US21$IEEE1$IW$USESV6$~STKCKD$USESV7$~SHL$OSPACE$ROPI$EBA8$UX$STANDARDLIB$REQ8$PRES8$EABIv2 0x00000000   Number         0  anon$$obj.o ABSOLUTE
    __ARM_use_no_argv                        0x00000000   Number         0  main.o ABSOLUTE
    __ARM_exceptions_init                     - Undefined Weak Reference
    __alloca_initialize                       - Undefined Weak Reference
    __arm_preinit_                            - Undefined Weak Reference
    __cpp_initialize__aeabi_                  - Undefined Weak Reference
    __cxa_finalize                            - Undefined Weak Reference
    __rt_locale                               - Undefined Weak Reference
    __sigvec_lookup                           - Undefined Weak Reference
    _atexit_init                              - Undefined Weak Reference
    _call_atexit_fns                          - Undefined Weak Reference
    _clock_init                               - Undefined Weak Reference
    _fp_trap_init                             - Undefined Weak Reference
    _fp_trap_shutdown                         - Undefined Weak Reference
    _get_lc_collate                           - Undefined Weak Reference
    _get_lc_ctype                             - Undefined Weak Reference
    _get_lc_monetary                          - Undefined Weak Reference
    _get_lc_numeric                           - Undefined Weak Reference
    _get_lc_time                              - Undefined Weak Reference
    _getenv_init                              - Undefined Weak Reference
    _handle_redirection                       - Undefined Weak Reference
    _init_alloc                               - Undefined Weak Reference
    _init_user_alloc                          - Undefined Weak Reference
    _initio                                   - Undefined Weak Reference
    _rand_init                                - Undefined Weak Reference
    _signal_finish                            - Undefined Weak Reference
    _signal_init                              - Undefined Weak Reference
    _terminate_alloc                          - Undefined Weak Reference
    _terminate_user_alloc                     - Undefined Weak Reference
    _terminateio                              - Undefined Weak Reference
    __Vectors_Size                           0x00000188   Number         0  startup_stm32f40_41xxx.o ABSOLUTE
    __Vectors                                0x08000000   Data           4  startup_stm32f40_41xxx.o(RESET)
    __Vectors_End                            0x08000188   Data           0  startup_stm32f40_41xxx.o(RESET)
    __main                                   0x08000189   Thumb Code     8  __main.o(!!!main)
    __scatterload                            0x08000191   Thumb Code     0  __scatter.o(!!!scatter)
    __scatterload_rt2                        0x08000191   Thumb Code    44  __scatter.o(!!!scatter)
    __scatterload_rt2_thumb_only             0x08000191   Thumb Code     0  __scatter.o(!!!scatter)
    __scatterload_null                       0x0800019f   Thumb Code     0  __scatter.o(!!!scatter)
    __decompress                             0x080001c5   Thumb Code    90  __dczerorl2.o(!!dczerorl2)
    __decompress1                            0x080001c5   Thumb Code     0  __dczerorl2.o(!!dczerorl2)
    __scatterload_zeroinit                   0x08000221   Thumb Code    28  __scatter_zi.o(!!handler_zi)
    __rt_lib_init                            0x0800023d   Thumb Code     0  libinit.o(.ARM.Collect$$libinit$$00000000)
    __rt_lib_init_fp_1                       0x0800023f   Thumb Code     0  libinit2.o(.ARM.Collect$$libinit$$00000001)
    __rt_lib_init_alloca_1                   0x08000243   Thumb Code     0  libinit2.o(.ARM.Collect$$libinit$$0000002E)
    __rt_lib_init_argv_1                     0x08000243   Thumb Code     0  libinit2.o(.ARM.Collect$$libinit$$0000002C)
    __rt_lib_init_atexit_1                   0x08000243   Thumb Code     0  libinit2.o(.ARM.Collect$$libinit$$0000001B)
    __rt_lib_init_clock_1                    0x08000243   Thumb Code     0  libinit2.o(.ARM.Collect$$libinit$$00000021)
    __rt_lib_init_cpp_1                      0x08000243   Thumb Code     0  libinit2.o(.ARM.Collect$$libinit$$00000032)
    __rt_lib_init_exceptions_1               0x08000243   Thumb Code     0  libinit2.o(.ARM.Collect$$libinit$$00000030)
    __rt_lib_init_fp_trap_1                  0x08000243   Thumb Code     0  libinit2.o(.ARM.Collect$$libinit$$0000001F)
    __rt_lib_init_getenv_1                   0x08000243   Thumb Code     0  libinit2.o(.ARM.Collect$$libinit$$00000023)
    __rt_lib_init_heap_1                     0x08000243   Thumb Code     0  libinit2.o(.ARM.Collect$$libinit$$0000000A)
    __rt_lib_init_lc_collate_1               0x08000243   Thumb Code     0  libinit2.o(.ARM.Collect$$libinit$$00000011)
    __rt_lib_init_lc_ctype_1                 0x08000243   Thumb Code     0  libinit2.o(.ARM.Collect$$libinit$$00000013)
    __rt_lib_init_lc_monetary_1              0x08000243   Thumb Code     0  libinit2.o(.ARM.Collect$$libinit$$00000015)
    __rt_lib_init_lc_numeric_1               0x08000243   Thumb Code     0  libinit2.o(.ARM.Collect$$libinit$$00000017)
    __rt_lib_init_lc_time_1                  0x08000243   Thumb Code     0  libinit2.o(.ARM.Collect$$libinit$$00000019)
    __rt_lib_init_preinit_1                  0x08000243   Thumb Code     0  libinit2.o(.ARM.Collect$$libinit$$00000004)
    __rt_lib_init_rand_1                     0x08000243   Thumb Code     0  libinit2.o(.ARM.Collect$$libinit$$0000000E)
    __rt_lib_init_return                     0x08000243   Thumb Code     0  libinit2.o(.ARM.Collect$$libinit$$00000033)
    __rt_lib_init_signal_1                   0x08000243   Thumb Code     0  libinit2.o(.ARM.Collect$$libinit$$0000001D)
    __rt_lib_init_stdio_1                    0x08000243   Thumb Code     0  libinit2.o(.ARM.Collect$$libinit$$00000025)
    __rt_lib_init_user_alloc_1               0x08000243   Thumb Code     0  libinit2.o(.ARM.Collect$$libinit$$0000000C)
    __rt_lib_shutdown                        0x08000245   Thumb Code     0  libshutdown.o(.ARM.Collect$$libshutdown$$00000000)
    __rt_lib_shutdown_fp_trap_1              0x08000247   Thumb Code     0  libshutdown2.o(.ARM.Collect$$libshutdown$$00000006)
    __rt_lib_shutdown_heap_1                 0x08000247   Thumb Code     0  libshutdown2.o(.ARM.Collect$$libshutdown$$0000000E)
    __rt_lib_shutdown_return                 0x08000247   Thumb Code     0  libshutdown2.o(.ARM.Collect$$libshutdown$$0000000F)
    __rt_lib_shutdown_signal_1               0x08000247   Thumb Code     0  libshutdown2.o(.ARM.Collect$$libshutdown$$00000009)
    __rt_lib_shutdown_stdio_1                0x08000247   Thumb Code     0  libshutdown2.o(.ARM.Collect$$libshutdown$$00000003)
    __rt_lib_shutdown_user_alloc_1           0x08000247   Thumb Code     0  libshutdown2.o(.ARM.Collect$$libshutdown$$0000000B)
    __rt_entry                               0x08000249   Thumb Code     0  __rtentry.o(.ARM.Collect$$rtentry$$00000000)
    __rt_entry_presh_1                       0x08000249   Thumb Code     0  __rtentry2.o(.ARM.Collect$$rtentry$$00000002)
    __rt_entry_sh                            0x08000249   Thumb Code     0  __rtentry4.o(.ARM.Collect$$rtentry$$00000004)
    __rt_entry_li                            0x0800024f   Thumb Code     0  __rtentry2.o(.ARM.Collect$$rtentry$$0000000A)
    __rt_entry_postsh_1                      0x0800024f   Thumb Code     0  __rtentry2.o(.ARM.Collect$$rtentry$$00000009)
    __rt_entry_main                          0x08000253   Thumb Code     0  __rtentry2.o(.ARM.Collect$$rtentry$$0000000D)
    __rt_entry_postli_1                      0x08000253   Thumb Code     0  __rtentry2.o(.ARM.Collect$$rtentry$$0000000C)
    __rt_exit                                0x0800025b   Thumb Code     0  rtexit.o(.ARM.Collect$$rtexit$$00000000)
    __rt_exit_ls                             0x0800025d   Thumb Code     0  rtexit2.o(.ARM.Collect$$rtexit$$00000003)
    __rt_exit_prels_1                        0x0800025d   Thumb Code     0  rtexit2.o(.ARM.Collect$$rtexit$$00000002)
    __rt_exit_exit                           0x08000261   Thumb Code     0  rtexit2.o(.ARM.Collect$$rtexit$$00000004)
    Reset_Handler                            0x08000269   Thumb Code     8  startup_stm32f40_41xxx.o(.text)
    ADC_IRQHandler                           0x08000283   Thumb Code     0  startup_stm32f40_41xxx.o(.text)
    CAN1_RX1_IRQHandler                      0x08000283   Thumb Code     0  startup_stm32f40_41xxx.o(.text)
    CAN1_SCE_IRQHandler                      0x08000283   Thumb Code     0  startup_stm32f40_41xxx.o(.text)
    CAN2_RX1_IRQHandler                      0x08000283   Thumb Code     0  startup_stm32f40_41xxx.o(.text)
    CAN2_SCE_IRQHandler                      0x08000283   Thumb Code     0  startup_stm32f40_41xxx.o(.text)
    CRYP_IRQHandler                          0x08000283   Thumb Code     0  startup_stm32f40_41xxx.o(.text)
    DCMI_IRQHandler                          0x08000283   Thumb Code     0  startup_stm32f40_41xxx.o(.text)
    DMA1_Stream0_IRQHandler                  0x08000283   Thumb Code     0  startup_stm32f40_41xxx.o(.text)
    DMA1_Stream1_IRQHandler                  0x08000283   Thumb Code     0  startup_stm32f40_41xxx.o(.text)
    DMA1_Stream2_IRQHandler                  0x08000283   Thumb Code     0  startup_stm32f40_41xxx.o(.text)
    DMA1_Stream3_IRQHandler                  0x08000283   Thumb Code     0  startup_stm32f40_41xxx.o(.text)
    DMA1_Stream4_IRQHandler                  0x08000283   Thumb Code     0  startup_stm32f40_41xxx.o(.text)
    DMA1_Stream5_IRQHandler                  0x08000283   Thumb Code     0  startup_stm32f40_41xxx.o(.text)
    DMA1_Stream6_IRQHandler                  0x08000283   Thumb Code     0  startup_stm32f40_41xxx.o(.text)
    DMA1_Stream7_IRQHandler                  0x08000283   Thumb Code     0  startup_stm32f40_41xxx.o(.text)
    DMA2_Stream0_IRQHandler                  0x08000283   Thumb Code     0  startup_stm32f40_41xxx.o(.text)
    DMA2_Stream1_IRQHandler                  0x08000283   Thumb Code     0  startup_stm32f40_41xxx.o(.text)
    DMA2_Stream2_IRQHandler                  0x08000283   Thumb Code     0  startup_stm32f40_41xxx.o(.text)
    DMA2_Stream3_IRQHandler                  0x08000283   Thumb Code     0  startup_stm32f40_41xxx.o(.text)
    DMA2_Stream4_IRQHandler                  0x08000283   Thumb Code     0  startup_stm32f40_41xxx.o(.text)
    DMA2_Stream5_IRQHandler                  0x08000283   Thumb Code     0  startup_stm32f40_41xxx.o(.text)
    DMA2_Stream6_IRQHandler                  0x08000283   Thumb Code     0  startup_stm32f40_41xxx.o(.text)
    DMA2_Stream7_IRQHandler                  0x08000283   Thumb Code     0  startup_stm32f40_41xxx.o(.text)
    ETH_IRQHandler                           0x08000283   Thumb Code     0  startup_stm32f40_41xxx.o(.text)
    ETH_WKUP_IRQHandler                      0x08000283   Thumb Code     0  startup_stm32f40_41xxx.o(.text)
    EXTI0_IRQHandler                         0x08000283   Thumb Code     0  startup_stm32f40_41xxx.o(.text)
    EXTI15_10_IRQHandler                     0x08000283   Thumb Code     0  startup_stm32f40_41xxx.o(.text)
    EXTI1_IRQHandler                         0x08000283   Thumb Code     0  startup_stm32f40_41xxx.o(.text)
    EXTI2_IRQHandler                         0x08000283   Thumb Code     0  startup_stm32f40_41xxx.o(.text)
    EXTI3_IRQHandler                         0x08000283   Thumb Code     0  startup_stm32f40_41xxx.o(.text)
    EXTI4_IRQHandler                         0x08000283   Thumb Code     0  startup_stm32f40_41xxx.o(.text)
    EXTI9_5_IRQHandler                       0x08000283   Thumb Code     0  startup_stm32f40_41xxx.o(.text)
    FLASH_IRQHandler                         0x08000283   Thumb Code     0  startup_stm32f40_41xxx.o(.text)
    FPU_IRQHandler                           0x08000283   Thumb Code     0  startup_stm32f40_41xxx.o(.text)
    FSMC_IRQHandler                          0x08000283   Thumb Code     0  startup_stm32f40_41xxx.o(.text)
    HASH_RNG_IRQHandler                      0x08000283   Thumb Code     0  startup_stm32f40_41xxx.o(.text)
    I2C1_ER_IRQHandler                       0x08000283   Thumb Code     0  startup_stm32f40_41xxx.o(.text)
    I2C1_EV_IRQHandler                       0x08000283   Thumb Code     0  startup_stm32f40_41xxx.o(.text)
    I2C2_ER_IRQHandler                       0x08000283   Thumb Code     0  startup_stm32f40_41xxx.o(.text)
    I2C2_EV_IRQHandler                       0x08000283   Thumb Code     0  startup_stm32f40_41xxx.o(.text)
    I2C3_ER_IRQHandler                       0x08000283   Thumb Code     0  startup_stm32f40_41xxx.o(.text)
    I2C3_EV_IRQHandler                       0x08000283   Thumb Code     0  startup_stm32f40_41xxx.o(.text)
    OTG_FS_IRQHandler                        0x08000283   Thumb Code     0  startup_stm32f40_41xxx.o(.text)
    OTG_FS_WKUP_IRQHandler                   0x08000283   Thumb Code     0  startup_stm32f40_41xxx.o(.text)
    OTG_HS_EP1_IN_IRQHandler                 0x08000283   Thumb Code     0  startup_stm32f40_41xxx.o(.text)
    OTG_HS_EP1_OUT_IRQHandler                0x08000283   Thumb Code     0  startup_stm32f40_41xxx.o(.text)
    OTG_HS_IRQHandler                        0x08000283   Thumb Code     0  startup_stm32f40_41xxx.o(.text)
    OTG_HS_WKUP_IRQHandler                   0x08000283   Thumb Code     0  startup_stm32f40_41xxx.o(.text)
    PVD_IRQHandler                           0x08000283   Thumb Code     0  startup_stm32f40_41xxx.o(.text)
    RCC_IRQHandler                           0x08000283   Thumb Code     0  startup_stm32f40_41xxx.o(.text)
    RTC_Alarm_IRQHandler                     0x08000283   Thumb Code     0  startup_stm32f40_41xxx.o(.text)
    RTC_WKUP_IRQHandler                      0x08000283   Thumb Code     0  startup_stm32f40_41xxx.o(.text)
    SDIO_IRQHandler                          0x08000283   Thumb Code     0  startup_stm32f40_41xxx.o(.text)
    SPI1_IRQHandler                          0x08000283   Thumb Code     0  startup_stm32f40_41xxx.o(.text)
    SPI2_IRQHandler                          0x08000283   Thumb Code     0  startup_stm32f40_41xxx.o(.text)
    SPI3_IRQHandler                          0x08000283   Thumb Code     0  startup_stm32f40_41xxx.o(.text)
    TAMP_STAMP_IRQHandler                    0x08000283   Thumb Code     0  startup_stm32f40_41xxx.o(.text)
    TIM1_BRK_TIM9_IRQHandler                 0x08000283   Thumb Code     0  startup_stm32f40_41xxx.o(.text)
    TIM1_CC_IRQHandler                       0x08000283   Thumb Code     0  startup_stm32f40_41xxx.o(.text)
    TIM1_TRG_COM_TIM11_IRQHandler            0x08000283   Thumb Code     0  startup_stm32f40_41xxx.o(.text)
    TIM1_UP_TIM10_IRQHandler                 0x08000283   Thumb Code     0  startup_stm32f40_41xxx.o(.text)
    TIM2_IRQHandler                          0x08000283   Thumb Code     0  startup_stm32f40_41xxx.o(.text)
    TIM3_IRQHandler                          0x08000283   Thumb Code     0  startup_stm32f40_41xxx.o(.text)
    TIM4_IRQHandler                          0x08000283   Thumb Code     0  startup_stm32f40_41xxx.o(.text)
    TIM5_IRQHandler                          0x08000283   Thumb Code     0  startup_stm32f40_41xxx.o(.text)
    TIM7_IRQHandler                          0x08000283   Thumb Code     0  startup_stm32f40_41xxx.o(.text)
    TIM8_BRK_TIM12_IRQHandler                0x08000283   Thumb Code     0  startup_stm32f40_41xxx.o(.text)
    TIM8_CC_IRQHandler                       0x08000283   Thumb Code     0  startup_stm32f40_41xxx.o(.text)
    TIM8_TRG_COM_TIM14_IRQHandler            0x08000283   Thumb Code     0  startup_stm32f40_41xxx.o(.text)
    TIM8_UP_TIM13_IRQHandler                 0x08000283   Thumb Code     0  startup_stm32f40_41xxx.o(.text)
    UART4_IRQHandler                         0x08000283   Thumb Code     0  startup_stm32f40_41xxx.o(.text)
    UART5_IRQHandler                         0x08000283   Thumb Code     0  startup_stm32f40_41xxx.o(.text)
    USART1_IRQHandler                        0x08000283   Thumb Code     0  startup_stm32f40_41xxx.o(.text)
    USART2_IRQHandler                        0x08000283   Thumb Code     0  startup_stm32f40_41xxx.o(.text)
    USART3_IRQHandler                        0x08000283   Thumb Code     0  startup_stm32f40_41xxx.o(.text)
    USART6_IRQHandler                        0x08000283   Thumb Code     0  startup_stm32f40_41xxx.o(.text)
    WWDG_IRQHandler                          0x08000283   Thumb Code     0  startup_stm32f40_41xxx.o(.text)
    __user_initial_stackheap                 0x08000285   Thumb Code     0  startup_stm32f40_41xxx.o(.text)
    __use_two_region_memory                  0x080002a9   Thumb Code     2  heapauxi.o(.text)
    __rt_heap_escrow$2region                 0x080002ab   Thumb Code     2  heapauxi.o(.text)
    __rt_heap_expand$2region                 0x080002ad   Thumb Code     2  heapauxi.o(.text)
    __user_setup_stackheap                   0x080002af   Thumb Code    74  sys_stackheap_outer.o(.text)
    exit                                     0x080002f9   Thumb Code    12  exit.o(.text)
    __user_libspace                          0x08000305   Thumb Code     8  libspace.o(.text)
    __user_perproc_libspace                  0x08000305   Thumb Code     0  libspace.o(.text)
    __user_perthread_libspace                0x08000305   Thumb Code     0  libspace.o(.text)
    _sys_exit                                0x0800030d   Thumb Code     8  sys_exit.o(.text)
    __I$use$semihosting                      0x08000319   Thumb Code     0  use_no_semi.o(.text)
    __use_no_semihosting_swi                 0x08000319   Thumb Code     2  use_no_semi.o(.text)
    AMMO_HANDLE                              0x0800031b   Thumb Code    42  state_handle_change.o(i.AMMO_HANDLE)
    __semihosting_library_function           0x0800031b   Thumb Code     0  indicate_semi.o(.text)
    AMMO_MOTOR                               0x08000345   Thumb Code   250  ammo_motor.o(i.AMMO_MOTOR)
    BRIGHT                                   0x0800047d   Thumb Code   166  bright.o(i.BRIGHT)
    BusFault_Handler                         0x08000535   Thumb Code     4  stm32f4xx_it.o(i.BusFault_Handler)
    CAN1_Configuration                       0x08000539   Thumb Code   264  can1.o(i.CAN1_Configuration)
    CAN1_RX0_IRQHandler                      0x08000649   Thumb Code    50  can1.o(i.CAN1_RX0_IRQHandler)
    CAN1_TX_IRQHandler                       0x08000685   Thumb Code    22  can1.o(i.CAN1_TX_IRQHandler)
    CAN2_Configuration                       0x080006a1   Thumb Code   272  can2.o(i.CAN2_Configuration)
    CAN2_RX0_IRQHandler                      0x080007b9   Thumb Code    36  can2.o(i.CAN2_RX0_IRQHandler)
    CAN2_TX_IRQHandler                       0x080007e1   Thumb Code    22  can2.o(i.CAN2_TX_IRQHandler)
    CAN_ClearFlag                            0x080007fd   Thumb Code    52  stm32f4xx_can.o(i.CAN_ClearFlag)
    CAN_ClearITPendingBit                    0x08000835   Thumb Code   162  stm32f4xx_can.o(i.CAN_ClearITPendingBit)
    CAN_DeInit                               0x080008dd   Thumb Code    50  stm32f4xx_can.o(i.CAN_DeInit)
    CAN_FilterInit                           0x08000915   Thumb Code   258  stm32f4xx_can.o(i.CAN_FilterInit)
    CAN_GetITStatus                          0x08000a1d   Thumb Code   284  stm32f4xx_can.o(i.CAN_GetITStatus)
    CAN_ITConfig                             0x08000b3d   Thumb Code    18  stm32f4xx_can.o(i.CAN_ITConfig)
    CAN_Init                                 0x08000b4f   Thumb Code   276  stm32f4xx_can.o(i.CAN_Init)
    CAN_Receive                              0x08000c63   Thumb Code   240  stm32f4xx_can.o(i.CAN_Receive)
    CAN_StructInit                           0x08000d53   Thumb Code    32  stm32f4xx_can.o(i.CAN_StructInit)
    CAN_Transmit                             0x08000d73   Thumb Code   294  stm32f4xx_can.o(i.CAN_Transmit)
    CanReceiveMsgProcess                     0x08000e99   Thumb Code   392  encoder_process.o(i.CanReceiveMsgProcess)
    DebugMon_Handler                         0x0800105b   Thumb Code     2  stm32f4xx_it.o(i.DebugMon_Handler)
    GPIO_Init                                0x0800105d   Thumb Code   144  stm32f4xx_gpio.o(i.GPIO_Init)
    GPIO_PinAFConfig                         0x080010ed   Thumb Code    70  stm32f4xx_gpio.o(i.GPIO_PinAFConfig)
    GPIO_ReadInputDataBit                    0x08001133   Thumb Code    18  stm32f4xx_gpio.o(i.GPIO_ReadInputDataBit)
    GPIO_ResetBits                           0x08001145   Thumb Code     4  stm32f4xx_gpio.o(i.GPIO_ResetBits)
    GPIO_SetBits                             0x08001149   Thumb Code     4  stm32f4xx_gpio.o(i.GPIO_SetBits)
    GetEncoderBias                           0x0800114d   Thumb Code    20  encoder_process.o(i.GetEncoderBias)
    HardFault_Handler                        0x08001161   Thumb Code     4  stm32f4xx_it.o(i.HardFault_Handler)
    MOTOR_POSITION_CHANGE                    0x08001165   Thumb Code   134  ammo_motor.o(i.MOTOR_POSITION_CHANGE)
    MemManage_Handler                        0x0800120d   Thumb Code     4  stm32f4xx_it.o(i.MemManage_Handler)
    Motor_2310_EncoderProcess                0x08001211   Thumb Code   242  encoder_process.o(i.Motor_2310_EncoderProcess)
    Motor_3510_EncoderProcess                0x0800131d   Thumb Code   242  encoder_process.o(i.Motor_3510_EncoderProcess)
    Motor_6623_EncoderProcess                0x08001429   Thumb Code   230  encoder_process.o(i.Motor_6623_EncoderProcess)
    NMI_Handler                              0x08001521   Thumb Code     2  stm32f4xx_it.o(i.NMI_Handler)
    NVIC_Init                                0x08001525   Thumb Code   106  misc.o(i.NVIC_Init)
    NVIC_PriorityGroupConfig                 0x0800159d   Thumb Code    10  misc.o(i.NVIC_PriorityGroupConfig)
    PID_Calc                                 0x080015b1   Thumb Code   954  pid.o(i.PID_Calc)
    PID_Reset                                0x0800197d   Thumb Code    74  pid.o(i.PID_Reset)
    PWM_Configuration                        0x080019d1   Thumb Code   138  pwm.o(i.PWM_Configuration)
    PWM_Configuration_AUTO                   0x08001a65   Thumb Code   542  pwm.o(i.PWM_Configuration_AUTO)
    PendSV_Handler                           0x08001c89   Thumb Code     2  stm32f4xx_it.o(i.PendSV_Handler)
    RCC_AHB1PeriphClockCmd                   0x08001c8d   Thumb Code    26  stm32f4xx_rcc.o(i.RCC_AHB1PeriphClockCmd)
    RCC_APB1PeriphClockCmd                   0x08001cad   Thumb Code    26  stm32f4xx_rcc.o(i.RCC_APB1PeriphClockCmd)
    RCC_APB1PeriphResetCmd                   0x08001ccd   Thumb Code    26  stm32f4xx_rcc.o(i.RCC_APB1PeriphResetCmd)
    RCC_APB2PeriphClockCmd                   0x08001ced   Thumb Code    26  stm32f4xx_rcc.o(i.RCC_APB2PeriphClockCmd)
    RampCalc                                 0x08001d0d   Thumb Code    50  ramp.o(i.RampCalc)
    RampInit                                 0x08001d3f   Thumb Code     2  ramp.o(i.RampInit)
    RampIsOverflow                           0x08001d41   Thumb Code    44  ramp.o(i.RampIsOverflow)
    RampResetCounter                         0x08001d6d   Thumb Code     6  ramp.o(i.RampResetCounter)
    RampSetCounter                           0x08001d73   Thumb Code     4  ramp.o(i.RampSetCounter)
    RampSetScale                             0x08001d77   Thumb Code     4  ramp.o(i.RampSetScale)
    STATE_HANDLE_CHANGE                      0x08001d7d   Thumb Code   452  state_handle_change.o(i.STATE_HANDLE_CHANGE)
    STEERING_STATE                           0x08001f9d   Thumb Code   118  steering.o(i.STEERING_STATE)
    SVC_Handler                              0x08002025   Thumb Code     2  stm32f4xx_it.o(i.SVC_Handler)
    Set_CM_Speed                             0x08002115   Thumb Code    92  can2.o(i.Set_CM_Speed)
    Switch_GPIO_PinSource                    0x08002171   Thumb Code   190  pwm.o(i.Switch_GPIO_PinSource)
    SysTick_CLKSourceConfig                  0x0800222f   Thumb Code    40  misc.o(i.SysTick_CLKSourceConfig)
    SysTick_Handler                          0x08002257   Thumb Code     2  stm32f4xx_it.o(i.SysTick_Handler)
    SystemInit                               0x08002259   Thumb Code    88  system_stm32f4xx.o(i.SystemInit)
    TASK_Init                                0x080022c1   Thumb Code   282  task_init.o(i.TASK_Init)
    TIM6_Configuration                       0x080023e5   Thumb Code    70  timer.o(i.TIM6_Configuration)
    TIM6_DAC_IRQHandler                      0x08002431   Thumb Code   136  timer.o(i.TIM6_DAC_IRQHandler)
    TIM6_Start                               0x080024dd   Thumb Code    30  timer.o(i.TIM6_Start)
    TIM_ARRPreloadConfig                     0x08002501   Thumb Code    24  stm32f4xx_tim.o(i.TIM_ARRPreloadConfig)
    TIM_ClearFlag                            0x08002519   Thumb Code     6  stm32f4xx_tim.o(i.TIM_ClearFlag)
    TIM_ClearITPendingBit                    0x0800251f   Thumb Code     6  stm32f4xx_tim.o(i.TIM_ClearITPendingBit)
    TIM_Cmd                                  0x08002525   Thumb Code    24  stm32f4xx_tim.o(i.TIM_Cmd)
    TIM_CtrlPWMOutputs                       0x0800253d   Thumb Code    30  stm32f4xx_tim.o(i.TIM_CtrlPWMOutputs)
    TIM_GetITStatus                          0x0800255b   Thumb Code    34  stm32f4xx_tim.o(i.TIM_GetITStatus)
    TIM_ITConfig                             0x0800257d   Thumb Code    18  stm32f4xx_tim.o(i.TIM_ITConfig)
    TIM_OC1Init                              0x08002591   Thumb Code   114  stm32f4xx_tim.o(i.TIM_OC1Init)
    TIM_OC1PreloadConfig                     0x0800260d   Thumb Code    18  stm32f4xx_tim.o(i.TIM_OC1PreloadConfig)
    TIM_OC2Init                              0x08002621   Thumb Code   154  stm32f4xx_tim.o(i.TIM_OC2Init)
    TIM_OC2PreloadConfig                     0x080026c5   Thumb Code    26  stm32f4xx_tim.o(i.TIM_OC2PreloadConfig)
    TIM_OC3Init                              0x080026e1   Thumb Code   150  stm32f4xx_tim.o(i.TIM_OC3Init)
    TIM_OC3PreloadConfig                     0x08002781   Thumb Code    18  stm32f4xx_tim.o(i.TIM_OC3PreloadConfig)
    TIM_OC4Init                              0x08002795   Thumb Code   112  stm32f4xx_tim.o(i.TIM_OC4Init)
    TIM_OC4PreloadConfig                     0x0800280d   Thumb Code    26  stm32f4xx_tim.o(i.TIM_OC4PreloadConfig)
    TIM_SetCompare1                          0x08002827   Thumb Code     4  stm32f4xx_tim.o(i.TIM_SetCompare1)
    TIM_SetCompare2                          0x0800282b   Thumb Code     4  stm32f4xx_tim.o(i.TIM_SetCompare2)
    TIM_SetCompare3                          0x0800282f   Thumb Code     4  stm32f4xx_tim.o(i.TIM_SetCompare3)
    TIM_TimeBaseInit                         0x08002835   Thumb Code   104  stm32f4xx_tim.o(i.TIM_TimeBaseInit)
    UsageFault_Handler                       0x080028b9   Thumb Code     4  stm32f4xx_it.o(i.UsageFault_Handler)
    delay_init                               0x080028bd   Thumb Code    52  delay.o(i.delay_init)
    delay_ms                                 0x080028f9   Thumb Code    56  delay.o(i.delay_ms)
    delay_xms                                0x08002931   Thumb Code    72  delay.o(i.delay_xms)
    main                                     0x0800297d   Thumb Code    50  main.o(i.main)
    __aeabi_dneg                             0x080029af   Thumb Code     0  basic.o(x$fpl$basic)
    _dneg                                    0x080029af   Thumb Code     6  basic.o(x$fpl$basic)
    __aeabi_fneg                             0x080029b5   Thumb Code     0  basic.o(x$fpl$basic)
    _fneg                                    0x080029b5   Thumb Code     6  basic.o(x$fpl$basic)
    _dabs                                    0x080029bb   Thumb Code     6  basic.o(x$fpl$basic)
    _fabs                                    0x080029c1   Thumb Code     6  basic.o(x$fpl$basic)
    __aeabi_dadd                             0x080029c9   Thumb Code     0  daddsub_clz.o(x$fpl$dadd)
    _dadd                                    0x080029c9   Thumb Code   332  daddsub_clz.o(x$fpl$dadd)
    __fpl_dcmp_Inf                           0x08002b19   Thumb Code    24  dcmpi.o(x$fpl$dcmpinf)
    __aeabi_ddiv                             0x08002b31   Thumb Code     0  ddiv.o(x$fpl$ddiv)
    _ddiv                                    0x08002b31   Thumb Code   552  ddiv.o(x$fpl$ddiv)
    __aeabi_cdcmpeq                          0x08002de1   Thumb Code     0  deqf.o(x$fpl$deqf)
    _dcmpeq                                  0x08002de1   Thumb Code   120  deqf.o(x$fpl$deqf)
    __aeabi_d2iz                             0x08002e59   Thumb Code     0  dfix.o(x$fpl$dfix)
    _dfix                                    0x08002e59   Thumb Code    94  dfix.o(x$fpl$dfix)
    __aeabi_i2d                              0x08002eb7   Thumb Code     0  dflt_clz.o(x$fpl$dflt)
    _dflt                                    0x08002eb7   Thumb Code    46  dflt_clz.o(x$fpl$dflt)
    __aeabi_cdcmple                          0x08002ee5   Thumb Code     0  dleqf.o(x$fpl$dleqf)
    _dcmple                                  0x08002ee5   Thumb Code   120  dleqf.o(x$fpl$dleqf)
    __fpl_dcmple_InfNaN                      0x08002f47   Thumb Code     0  dleqf.o(x$fpl$dleqf)
    __aeabi_dmul                             0x08002f5d   Thumb Code     0  dmul.o(x$fpl$dmul)
    _dmul                                    0x08002f5d   Thumb Code   332  dmul.o(x$fpl$dmul)
    __fpl_dnaninf                            0x080030b1   Thumb Code   156  dnaninf.o(x$fpl$dnaninf)
    __fpl_dretinf                            0x0800314d   Thumb Code    12  dretinf.o(x$fpl$dretinf)
    __aeabi_cdrcmple                         0x08003159   Thumb Code     0  drleqf.o(x$fpl$drleqf)
    _drcmple                                 0x08003159   Thumb Code   108  drleqf.o(x$fpl$drleqf)
    __aeabi_dsub                             0x080031c5   Thumb Code     0  daddsub_clz.o(x$fpl$dsub)
    _dsub                                    0x080031c5   Thumb Code   464  daddsub_clz.o(x$fpl$dsub)
    _fp_init                                 0x08003399   Thumb Code    10  fpinit.o(x$fpl$fpinit)
    __fplib_config_fpu_vfp                   0x080033a1   Thumb Code     0  fpinit.o(x$fpl$fpinit)
    __fplib_config_pureend_doubles           0x080033a1   Thumb Code     0  fpinit.o(x$fpl$fpinit)
    __I$use$fp                               0x080033a2   Number         0  usenofp.o(x$fpl$usenofp)
    Region$$Table$$Base                      0x080033a4   Number         0  anon$$obj.o(Region$$Table)
    Region$$Table$$Limit                     0x080033c4   Number         0  anon$$obj.o(Region$$Table)
    ch0                                      0x20000000   Data           2  bianliang_definition.o(.data)
    ch1                                      0x20000002   Data           2  bianliang_definition.o(.data)
    ch2                                      0x20000004   Data           2  bianliang_definition.o(.data)
    ch3                                      0x20000006   Data           2  bianliang_definition.o(.data)
    s1                                       0x20000008   Data           2  bianliang_definition.o(.data)
    s2                                       0x2000000a   Data           2  bianliang_definition.o(.data)
    left_right_ref                           0x2000000c   Data           2  bianliang_definition.o(.data)
    forward_back_ref                         0x2000000e   Data           2  bianliang_definition.o(.data)
    rotate_ref                               0x20000010   Data           2  bianliang_definition.o(.data)
    up_down_ref                              0x20000014   Data           4  bianliang_definition.o(.data)
    Gyro                                     0x20000018   Data           6  bianliang_definition.o(.data)
    encoder_cout                             0x2000001e   Data           2  bianliang_definition.o(.data)
    encoder_cout1                            0x20000020   Data           2  bianliang_definition.o(.data)
    DEBUG                                    0x20000022   Data           2  bianliang_definition.o(.data)
    STEERING_1_HANDLE                        0x20000024   Data           2  bianliang_definition.o(.data)
    ammo_out_count                           0x20000026   Data           2  bianliang_definition.o(.data)
    ammo_handle_count                        0x20000028   Data           2  bianliang_definition.o(.data)
    CM1PositionPID_ref                       0x20000030   Data           8  bianliang_definition.o(.data)
    DEBUG1                                   0x20000038   Data           2  bianliang_definition.o(.data)
    DEBUG2                                   0x2000003a   Data           2  bianliang_definition.o(.data)
    DEBUG3                                   0x2000003c   Data           2  bianliang_definition.o(.data)
    DEBUG4                                   0x2000003e   Data           2  bianliang_definition.o(.data)
    DEBUG5                                   0x20000040   Data           2  bianliang_definition.o(.data)
    DEBUG6                                   0x20000042   Data           2  bianliang_definition.o(.data)
    motor_around_flag                        0x20000044   Data           2  bianliang_definition.o(.data)
    motor_around_count                       0x20000046   Data           2  bianliang_definition.o(.data)
    motor_around_order_flag                  0x20000048   Data           2  bianliang_definition.o(.data)
    MOTOR_SECOND_STATE_count                 0x2000004c   Data           4  bianliang_definition.o(.data)
    MOTOR_INTER_STATE_count                  0x20000050   Data           4  bianliang_definition.o(.data)
    PB14_count                               0x20000054   Data           4  bianliang_definition.o(.data)
    PB9_count                                0x20000058   Data           4  bianliang_definition.o(.data)
    PB15_count                               0x2000005c   Data           4  bianliang_definition.o(.data)
    PA8_count                                0x20000060   Data           4  bianliang_definition.o(.data)
    PA9_count                                0x20000064   Data           4  bianliang_definition.o(.data)
    PA10_count                               0x20000068   Data           4  bianliang_definition.o(.data)
    channel1_count                           0x2000006c   Data           4  bianliang_definition.o(.data)
    channel2_count                           0x20000070   Data           4  bianliang_definition.o(.data)
    channel3_count                           0x20000074   Data           4  bianliang_definition.o(.data)
    channel1_taken_flag                      0x20000078   Data           2  bianliang_definition.o(.data)
    channel2_taken_flag                      0x2000007a   Data           2  bianliang_definition.o(.data)
    channel3_taken_flag                      0x2000007c   Data           2  bianliang_definition.o(.data)
    GMPitchRamp                              0x20000080   Data          36  bianliang_definition.o(.data)
    GMYawRamp                                0x200000a4   Data          36  bianliang_definition.o(.data)
    frictionRamp                             0x200000c8   Data          36  bianliang_definition.o(.data)
    STEERING_1                               0x200000ec   Data           1  bianliang_definition.o(.data)
    LAST_STEERING_1                          0x200000ed   Data           1  bianliang_definition.o(.data)
    STEERING_2                               0x200000ee   Data           1  bianliang_definition.o(.data)
    LAST_STEERING_2                          0x200000ef   Data           1  bianliang_definition.o(.data)
    STEERING_3                               0x200000f0   Data           1  bianliang_definition.o(.data)
    LAST_STEERING_3                          0x200000f1   Data           1  bianliang_definition.o(.data)
    motor_position                           0x200000f2   Data           1  bianliang_definition.o(.data)
    motor_around_state                       0x200000f3   Data           1  bianliang_definition.o(.data)
    light_state1                             0x200000f4   Data           1  bianliang_definition.o(.data)
    light_state2                             0x200000f5   Data           1  bianliang_definition.o(.data)
    light_state3                             0x200000f6   Data           1  bianliang_definition.o(.data)
    channel1_state                           0x200000f7   Data           1  bianliang_definition.o(.data)
    channel2_state                           0x200000f8   Data           1  bianliang_definition.o(.data)
    channel3_state                           0x200000f9   Data           1  bianliang_definition.o(.data)
    CM1SpeedPID                              0x20000100   Data         152  bianliang_definition.o(.data)
    CM1PositionPID                           0x20000198   Data         152  bianliang_definition.o(.data)
    CM2SpeedPID                              0x20000230   Data         152  bianliang_definition.o(.data)
    CM3SpeedPID                              0x200002c8   Data         152  bianliang_definition.o(.data)
    CM4SpeedPID                              0x20000360   Data         152  bianliang_definition.o(.data)
    CM7PositionPID                           0x200003f8   Data         152  bianliang_definition.o(.data)
    CM7SpeedPID                              0x20000490   Data         152  bianliang_definition.o(.data)
    GMPPositionPID                           0x20000528   Data         152  bianliang_definition.o(.data)
    GMPSpeedPID                              0x200005c0   Data         152  bianliang_definition.o(.data)
    GMYPositionPID                           0x20000658   Data         152  bianliang_definition.o(.data)
    GMYSpeedPID                              0x200006f0   Data         152  bianliang_definition.o(.data)
    pitch_ecd_bias                           0x20000790   Data           2  encoder_process.o(.data)
    yaw_ecd_bias                             0x20000792   Data           2  encoder_process.o(.data)
    CM1Encoder                               0x20000798   Data          72  bianliang_definition.o(.bss)
    CM2Encoder                               0x200007e0   Data          72  bianliang_definition.o(.bss)
    CM3Encoder                               0x20000828   Data          72  bianliang_definition.o(.bss)
    CM4Encoder                               0x20000870   Data          72  bianliang_definition.o(.bss)
    CM7Encoder                               0x200008b8   Data          72  bianliang_definition.o(.bss)
    GMPitchEncoder                           0x20000900   Data          72  bianliang_definition.o(.bss)
    GMYawEncoder                             0x20000948   Data          72  bianliang_definition.o(.bss)
    __libspace_start                         0x20000990   Data          96  libspace.o(.bss)
    __temporary_stack_top$libspace           0x200009f0   Data           0  libspace.o(.bss)



==============================================================================

Memory Map of the image

  Image Entry point : 0x08000189

  Load Region LR_IROM1 (Base: 0x08000000, Size: 0x00003b58, Max: 0x00100000, ABSOLUTE, COMPRESSED[0x00003494])

    Execution Region ER_IROM1 (Base: 0x08000000, Size: 0x000033c4, Max: 0x00100000, ABSOLUTE)

    Base Addr    Size         Type   Attr      Idx    E Section Name        Object

    0x08000000   0x00000188   Data   RO         5069    RESET               startup_stm32f40_41xxx.o
    0x08000188   0x00000008   Code   RO         5616  * !!!main             c_w.l(__main.o)
    0x08000190   0x00000034   Code   RO         5815    !!!scatter          c_w.l(__scatter.o)
    0x080001c4   0x0000005a   Code   RO         5813    !!dczerorl2         c_w.l(__dczerorl2.o)
    0x0800021e   0x00000002   PAD
    0x08000220   0x0000001c   Code   RO         5817    !!handler_zi        c_w.l(__scatter_zi.o)
    0x0800023c   0x00000002   Code   RO         5684    .ARM.Collect$$libinit$$00000000  c_w.l(libinit.o)
    0x0800023e   0x00000004   Code   RO         5690    .ARM.Collect$$libinit$$00000001  c_w.l(libinit2.o)
    0x08000242   0x00000000   Code   RO         5693    .ARM.Collect$$libinit$$00000004  c_w.l(libinit2.o)
    0x08000242   0x00000000   Code   RO         5696    .ARM.Collect$$libinit$$0000000A  c_w.l(libinit2.o)
    0x08000242   0x00000000   Code   RO         5698    .ARM.Collect$$libinit$$0000000C  c_w.l(libinit2.o)
    0x08000242   0x00000000   Code   RO         5700    .ARM.Collect$$libinit$$0000000E  c_w.l(libinit2.o)
    0x08000242   0x00000000   Code   RO         5703    .ARM.Collect$$libinit$$00000011  c_w.l(libinit2.o)
    0x08000242   0x00000000   Code   RO         5705    .ARM.Collect$$libinit$$00000013  c_w.l(libinit2.o)
    0x08000242   0x00000000   Code   RO         5707    .ARM.Collect$$libinit$$00000015  c_w.l(libinit2.o)
    0x08000242   0x00000000   Code   RO         5709    .ARM.Collect$$libinit$$00000017  c_w.l(libinit2.o)
    0x08000242   0x00000000   Code   RO         5711    .ARM.Collect$$libinit$$00000019  c_w.l(libinit2.o)
    0x08000242   0x00000000   Code   RO         5713    .ARM.Collect$$libinit$$0000001B  c_w.l(libinit2.o)
    0x08000242   0x00000000   Code   RO         5715    .ARM.Collect$$libinit$$0000001D  c_w.l(libinit2.o)
    0x08000242   0x00000000   Code   RO         5717    .ARM.Collect$$libinit$$0000001F  c_w.l(libinit2.o)
    0x08000242   0x00000000   Code   RO         5719    .ARM.Collect$$libinit$$00000021  c_w.l(libinit2.o)
    0x08000242   0x00000000   Code   RO         5721    .ARM.Collect$$libinit$$00000023  c_w.l(libinit2.o)
    0x08000242   0x00000000   Code   RO         5723    .ARM.Collect$$libinit$$00000025  c_w.l(libinit2.o)
    0x08000242   0x00000000   Code   RO         5727    .ARM.Collect$$libinit$$0000002C  c_w.l(libinit2.o)
    0x08000242   0x00000000   Code   RO         5729    .ARM.Collect$$libinit$$0000002E  c_w.l(libinit2.o)
    0x08000242   0x00000000   Code   RO         5731    .ARM.Collect$$libinit$$00000030  c_w.l(libinit2.o)
    0x08000242   0x00000000   Code   RO         5733    .ARM.Collect$$libinit$$00000032  c_w.l(libinit2.o)
    0x08000242   0x00000002   Code   RO         5734    .ARM.Collect$$libinit$$00000033  c_w.l(libinit2.o)
    0x08000244   0x00000002   Code   RO         5754    .ARM.Collect$$libshutdown$$00000000  c_w.l(libshutdown.o)
    0x08000246   0x00000000   Code   RO         5768    .ARM.Collect$$libshutdown$$00000003  c_w.l(libshutdown2.o)
    0x08000246   0x00000000   Code   RO         5771    .ARM.Collect$$libshutdown$$00000006  c_w.l(libshutdown2.o)
    0x08000246   0x00000000   Code   RO         5774    .ARM.Collect$$libshutdown$$00000009  c_w.l(libshutdown2.o)
    0x08000246   0x00000000   Code   RO         5776    .ARM.Collect$$libshutdown$$0000000B  c_w.l(libshutdown2.o)
    0x08000246   0x00000000   Code   RO         5779    .ARM.Collect$$libshutdown$$0000000E  c_w.l(libshutdown2.o)
    0x08000246   0x00000002   Code   RO         5780    .ARM.Collect$$libshutdown$$0000000F  c_w.l(libshutdown2.o)
    0x08000248   0x00000000   Code   RO         5650    .ARM.Collect$$rtentry$$00000000  c_w.l(__rtentry.o)
    0x08000248   0x00000000   Code   RO         5661    .ARM.Collect$$rtentry$$00000002  c_w.l(__rtentry2.o)
    0x08000248   0x00000006   Code   RO         5673    .ARM.Collect$$rtentry$$00000004  c_w.l(__rtentry4.o)
    0x0800024e   0x00000000   Code   RO         5663    .ARM.Collect$$rtentry$$00000009  c_w.l(__rtentry2.o)
    0x0800024e   0x00000004   Code   RO         5664    .ARM.Collect$$rtentry$$0000000A  c_w.l(__rtentry2.o)
    0x08000252   0x00000000   Code   RO         5666    .ARM.Collect$$rtentry$$0000000C  c_w.l(__rtentry2.o)
    0x08000252   0x00000008   Code   RO         5667    .ARM.Collect$$rtentry$$0000000D  c_w.l(__rtentry2.o)
    0x0800025a   0x00000002   Code   RO         5688    .ARM.Collect$$rtexit$$00000000  c_w.l(rtexit.o)
    0x0800025c   0x00000000   Code   RO         5736    .ARM.Collect$$rtexit$$00000002  c_w.l(rtexit2.o)
    0x0800025c   0x00000004   Code   RO         5737    .ARM.Collect$$rtexit$$00000003  c_w.l(rtexit2.o)
    0x08000260   0x00000006   Code   RO         5738    .ARM.Collect$$rtexit$$00000004  c_w.l(rtexit2.o)
    0x08000266   0x00000002   PAD
    0x08000268   0x00000040   Code   RO         5070    .text               startup_stm32f40_41xxx.o
    0x080002a8   0x00000006   Code   RO         5614    .text               c_w.l(heapauxi.o)
    0x080002ae   0x0000004a   Code   RO         5675    .text               c_w.l(sys_stackheap_outer.o)
    0x080002f8   0x0000000c   Code   RO         5677    .text               c_w.l(exit.o)
    0x08000304   0x00000008   Code   RO         5685    .text               c_w.l(libspace.o)
    0x0800030c   0x0000000c   Code   RO         5746    .text               c_w.l(sys_exit.o)
    0x08000318   0x00000002   Code   RO         5757    .text               c_w.l(use_no_semi.o)
    0x0800031a   0x00000000   Code   RO         5759    .text               c_w.l(indicate_semi.o)
    0x0800031a   0x0000002a   Code   RO         5516    i.AMMO_HANDLE       state_handle_change.o
    0x08000344   0x00000138   Code   RO         5568    i.AMMO_MOTOR        ammo_motor.o
    0x0800047c   0x000000b8   Code   RO         5594    i.BRIGHT            bright.o
    0x08000534   0x00000004   Code   RO          198    i.BusFault_Handler  stm32f4xx_it.o
    0x08000538   0x00000110   Code   RO         5176    i.CAN1_Configuration  can1.o
    0x08000648   0x0000003c   Code   RO         5177    i.CAN1_RX0_IRQHandler  can1.o
    0x08000684   0x0000001c   Code   RO         5178    i.CAN1_TX_IRQHandler  can1.o
    0x080006a0   0x00000118   Code   RO         5208    i.CAN2_Configuration  can2.o
    0x080007b8   0x00000028   Code   RO         5209    i.CAN2_RX0_IRQHandler  can2.o
    0x080007e0   0x0000001c   Code   RO         5210    i.CAN2_TX_IRQHandler  can2.o
    0x080007fc   0x00000038   Code   RO          626    i.CAN_ClearFlag     stm32f4xx_can.o
    0x08000834   0x000000a8   Code   RO          627    i.CAN_ClearITPendingBit  stm32f4xx_can.o
    0x080008dc   0x00000038   Code   RO          629    i.CAN_DeInit        stm32f4xx_can.o
    0x08000914   0x00000108   Code   RO          631    i.CAN_FilterInit    stm32f4xx_can.o
    0x08000a1c   0x00000120   Code   RO          633    i.CAN_GetITStatus   stm32f4xx_can.o
    0x08000b3c   0x00000012   Code   RO          637    i.CAN_ITConfig      stm32f4xx_can.o
    0x08000b4e   0x00000114   Code   RO          638    i.CAN_Init          stm32f4xx_can.o
    0x08000c62   0x000000f0   Code   RO          641    i.CAN_Receive       stm32f4xx_can.o
    0x08000d52   0x00000020   Code   RO          644    i.CAN_StructInit    stm32f4xx_can.o
    0x08000d72   0x00000126   Code   RO          646    i.CAN_Transmit      stm32f4xx_can.o
    0x08000e98   0x000001b0   Code   RO         5429    i.CanReceiveMsgProcess  encoder_process.o
    0x08001048   0x00000012   Code   RO          649    i.CheckITStatus     stm32f4xx_can.o
    0x0800105a   0x00000002   Code   RO          199    i.DebugMon_Handler  stm32f4xx_it.o
    0x0800105c   0x00000090   Code   RO         2062    i.GPIO_Init         stm32f4xx_gpio.o
    0x080010ec   0x00000046   Code   RO         2063    i.GPIO_PinAFConfig  stm32f4xx_gpio.o
    0x08001132   0x00000012   Code   RO         2066    i.GPIO_ReadInputDataBit  stm32f4xx_gpio.o
    0x08001144   0x00000004   Code   RO         2069    i.GPIO_ResetBits    stm32f4xx_gpio.o
    0x08001148   0x00000004   Code   RO         2070    i.GPIO_SetBits      stm32f4xx_gpio.o
    0x0800114c   0x00000014   Code   RO         5430    i.GetEncoderBias    encoder_process.o
    0x08001160   0x00000004   Code   RO          200    i.HardFault_Handler  stm32f4xx_it.o
    0x08001164   0x000000a8   Code   RO         5569    i.MOTOR_POSITION_CHANGE  ammo_motor.o
    0x0800120c   0x00000004   Code   RO          201    i.MemManage_Handler  stm32f4xx_it.o
    0x08001210   0x0000010c   Code   RO         5431    i.Motor_2310_EncoderProcess  encoder_process.o
    0x0800131c   0x0000010c   Code   RO         5432    i.Motor_3510_EncoderProcess  encoder_process.o
    0x08001428   0x000000f8   Code   RO         5433    i.Motor_6623_EncoderProcess  encoder_process.o
    0x08001520   0x00000002   Code   RO          202    i.NMI_Handler       stm32f4xx_it.o
    0x08001522   0x00000002   PAD
    0x08001524   0x00000078   Code   RO          339    i.NVIC_Init         misc.o
    0x0800159c   0x00000014   Code   RO          340    i.NVIC_PriorityGroupConfig  misc.o
    0x080015b0   0x000003cc   Code   RO         5252    i.PID_Calc          pid.o
    0x0800197c   0x00000054   Code   RO         5253    i.PID_Reset         pid.o
    0x080019d0   0x00000094   Code   RO         5144    i.PWM_Configuration  pwm.o
    0x08001a64   0x00000224   Code   RO         5145    i.PWM_Configuration_AUTO  pwm.o
    0x08001c88   0x00000002   Code   RO          203    i.PendSV_Handler    stm32f4xx_it.o
    0x08001c8a   0x00000002   PAD
    0x08001c8c   0x00000020   Code   RO         2926    i.RCC_AHB1PeriphClockCmd  stm32f4xx_rcc.o
    0x08001cac   0x00000020   Code   RO         2935    i.RCC_APB1PeriphClockCmd  stm32f4xx_rcc.o
    0x08001ccc   0x00000020   Code   RO         2937    i.RCC_APB1PeriphResetCmd  stm32f4xx_rcc.o
    0x08001cec   0x00000020   Code   RO         2938    i.RCC_APB2PeriphClockCmd  stm32f4xx_rcc.o
    0x08001d0c   0x00000032   Code   RO         5310    i.RampCalc          ramp.o
    0x08001d3e   0x00000002   Code   RO         5311    i.RampInit          ramp.o
    0x08001d40   0x0000002c   Code   RO         5312    i.RampIsOverflow    ramp.o
    0x08001d6c   0x00000006   Code   RO         5313    i.RampResetCounter  ramp.o
    0x08001d72   0x00000004   Code   RO         5314    i.RampSetCounter    ramp.o
    0x08001d76   0x00000004   Code   RO         5315    i.RampSetScale      ramp.o
    0x08001d7a   0x00000002   PAD
    0x08001d7c   0x00000220   Code   RO         5517    i.STATE_HANDLE_CHANGE  state_handle_change.o
    0x08001f9c   0x00000088   Code   RO         5548    i.STEERING_STATE    steering.o
    0x08002024   0x00000002   Code   RO          204    i.SVC_Handler       stm32f4xx_it.o
    0x08002026   0x00000002   PAD
    0x08002028   0x000000ec   Code   RO          302    i.SetSysClock       system_stm32f4xx.o
    0x08002114   0x0000005c   Code   RO         5211    i.Set_CM_Speed      can2.o
    0x08002170   0x000000be   Code   RO         5146    i.Switch_GPIO_PinSource  pwm.o
    0x0800222e   0x00000028   Code   RO          343    i.SysTick_CLKSourceConfig  misc.o
    0x08002256   0x00000002   Code   RO          205    i.SysTick_Handler   stm32f4xx_it.o
    0x08002258   0x00000068   Code   RO          304    i.SystemInit        system_stm32f4xx.o
    0x080022c0   0x00000124   Code   RO         5476    i.TASK_Init         task_init.o
    0x080023e4   0x0000004c   Code   RO         5278    i.TIM6_Configuration  timer.o
    0x08002430   0x000000ac   Code   RO         5279    i.TIM6_DAC_IRQHandler  timer.o
    0x080024dc   0x00000024   Code   RO         5280    i.TIM6_Start        timer.o
    0x08002500   0x00000018   Code   RO         4261    i.TIM_ARRPreloadConfig  stm32f4xx_tim.o
    0x08002518   0x00000006   Code   RO         4267    i.TIM_ClearFlag     stm32f4xx_tim.o
    0x0800251e   0x00000006   Code   RO         4268    i.TIM_ClearITPendingBit  stm32f4xx_tim.o
    0x08002524   0x00000018   Code   RO         4273    i.TIM_Cmd           stm32f4xx_tim.o
    0x0800253c   0x0000001e   Code   RO         4275    i.TIM_CtrlPWMOutputs  stm32f4xx_tim.o
    0x0800255a   0x00000022   Code   RO         4294    i.TIM_GetITStatus   stm32f4xx_tim.o
    0x0800257c   0x00000012   Code   RO         4298    i.TIM_ITConfig      stm32f4xx_tim.o
    0x0800258e   0x00000002   PAD
    0x08002590   0x0000007c   Code   RO         4302    i.TIM_OC1Init       stm32f4xx_tim.o
    0x0800260c   0x00000012   Code   RO         4305    i.TIM_OC1PreloadConfig  stm32f4xx_tim.o
    0x0800261e   0x00000002   PAD
    0x08002620   0x000000a4   Code   RO         4307    i.TIM_OC2Init       stm32f4xx_tim.o
    0x080026c4   0x0000001a   Code   RO         4310    i.TIM_OC2PreloadConfig  stm32f4xx_tim.o
    0x080026de   0x00000002   PAD
    0x080026e0   0x000000a0   Code   RO         4312    i.TIM_OC3Init       stm32f4xx_tim.o
    0x08002780   0x00000012   Code   RO         4315    i.TIM_OC3PreloadConfig  stm32f4xx_tim.o
    0x08002792   0x00000002   PAD
    0x08002794   0x00000078   Code   RO         4317    i.TIM_OC4Init       stm32f4xx_tim.o
    0x0800280c   0x0000001a   Code   RO         4319    i.TIM_OC4PreloadConfig  stm32f4xx_tim.o
    0x08002826   0x00000004   Code   RO         4335    i.TIM_SetCompare1   stm32f4xx_tim.o
    0x0800282a   0x00000004   Code   RO         4336    i.TIM_SetCompare2   stm32f4xx_tim.o
    0x0800282e   0x00000004   Code   RO         4337    i.TIM_SetCompare3   stm32f4xx_tim.o
    0x08002832   0x00000002   PAD
    0x08002834   0x00000084   Code   RO         4345    i.TIM_TimeBaseInit  stm32f4xx_tim.o
    0x080028b8   0x00000004   Code   RO          206    i.UsageFault_Handler  stm32f4xx_it.o
    0x080028bc   0x0000003c   Code   RO         5101    i.delay_init        delay.o
    0x080028f8   0x00000038   Code   RO         5102    i.delay_ms          delay.o
    0x08002930   0x0000004c   Code   RO         5104    i.delay_xms         delay.o
    0x0800297c   0x00000032   Code   RO            3    i.main              main.o
    0x080029ae   0x00000018   Code   RO         5618    x$fpl$basic         fz_wm.l(basic.o)
    0x080029c6   0x00000002   PAD
    0x080029c8   0x00000150   Code   RO         5620    x$fpl$dadd          fz_wm.l(daddsub_clz.o)
    0x08002b18   0x00000018   Code   RO         5651    x$fpl$dcmpinf       fz_wm.l(dcmpi.o)
    0x08002b30   0x000002b0   Code   RO         5627    x$fpl$ddiv          fz_wm.l(ddiv.o)
    0x08002de0   0x00000078   Code   RO         5630    x$fpl$deqf          fz_wm.l(deqf.o)
    0x08002e58   0x0000005e   Code   RO         5632    x$fpl$dfix          fz_wm.l(dfix.o)
    0x08002eb6   0x0000002e   Code   RO         5637    x$fpl$dflt          fz_wm.l(dflt_clz.o)
    0x08002ee4   0x00000078   Code   RO         5642    x$fpl$dleqf         fz_wm.l(dleqf.o)
    0x08002f5c   0x00000154   Code   RO         5644    x$fpl$dmul          fz_wm.l(dmul.o)
    0x080030b0   0x0000009c   Code   RO         5653    x$fpl$dnaninf       fz_wm.l(dnaninf.o)
    0x0800314c   0x0000000c   Code   RO         5655    x$fpl$dretinf       fz_wm.l(dretinf.o)
    0x08003158   0x0000006c   Code   RO         5646    x$fpl$drleqf        fz_wm.l(drleqf.o)
    0x080031c4   0x000001d4   Code   RO         5622    x$fpl$dsub          fz_wm.l(daddsub_clz.o)
    0x08003398   0x0000000a   Code   RO         5744    x$fpl$fpinit        fz_wm.l(fpinit.o)
    0x080033a2   0x00000000   Code   RO         5659    x$fpl$usenofp       fz_wm.l(usenofp.o)
    0x080033a2   0x00000002   PAD
    0x080033a4   0x00000020   Data   RO         5811    Region$$Table       anon$$obj.o


    Execution Region RW_IRAM1 (Base: 0x20000000, Size: 0x00000ff0, Max: 0x00020000, ABSOLUTE, COMPRESSED[0x000000d0])

    Base Addr    Size         Type   Attr      Idx    E Section Name        Object

    0x20000000   0x00000788   Data   RW         5077    .data               bianliang_definition.o
    0x20000788   0x00000004   Data   RW         5105    .data               delay.o
    0x2000078c   0x00000008   Data   RW         5434    .data               encoder_process.o
    0x20000794   0x00000004   PAD
    0x20000798   0x000001f8   Zero   RW         5076    .bss                bianliang_definition.o
    0x20000990   0x00000060   Zero   RW         5686    .bss                c_w.l(libspace.o)
    0x200009f0   0x00000200   Zero   RW         5068    HEAP                startup_stm32f40_41xxx.o
    0x20000bf0   0x00000400   Zero   RW         5067    STACK               startup_stm32f40_41xxx.o


==============================================================================

Image component sizes


      Code (inc. data)   RO Data    RW Data    ZI Data      Debug   Object Name

       480         96          0          0          0       1313   ammo_motor.o
         0          0          0       1928        504      14758   bianliang_definition.o
       184         18          0          0          0        621   bright.o
       360         24          0          0          0       1988   can1.o
       440         18          0          0          0       3103   can2.o
       192         12          0          4          0       2092   delay.o
      1236        118          0          8          0       4726   encoder_process.o
        50          0          0          0          0     283673   main.o
       180         24          0          0          0       2321   misc.o
      1056         28          0          0          0       1539   pid.o
       886         16          0          0          0       2673   pwm.o
       110          0          0          0          0       3766   ramp.o
        64         26        392          0       1536        876   startup_stm32f40_41xxx.o
       586         92          0          0          0       1900   state_handle_change.o
       136         18          0          0          0        593   steering.o
      1710         26          0          0          0       8848   stm32f4xx_can.o
       240          0          0          0          0       3875   stm32f4xx_gpio.o
        26          0          0          0          0       4646   stm32f4xx_it.o
       128         24          0          0          0       2596   stm32f4xx_rcc.o
       942         66          0          0          0      13576   stm32f4xx_tim.o
       340         32          0          0          0       1677   system_stm32f4xx.o
       292         10          0          0          0        896   task_init.o
       284         48          0          0          0       1776   timer.o

    ----------------------------------------------------------------------
      9940        696        424       1940       2044     363832   Object Totals
         0          0         32          0          0          0   (incl. Generated)
        18          0          0          0          4          0   (incl. Padding)

    ----------------------------------------------------------------------

      Code (inc. data)   RO Data    RW Data    ZI Data      Debug   Library Member Name

        90          0          0          0          0          0   __dczerorl2.o
         8          0          0          0          0         68   __main.o
         0          0          0          0          0          0   __rtentry.o
        12          0          0          0          0          0   __rtentry2.o
         6          0          0          0          0          0   __rtentry4.o
        52          8          0          0          0          0   __scatter.o
        28          0          0          0          0          0   __scatter_zi.o
        12          0          0          0          0         72   exit.o
         6          0          0          0          0        152   heapauxi.o
         0          0          0          0          0          0   indicate_semi.o
         2          0          0          0          0          0   libinit.o
         6          0          0          0          0          0   libinit2.o
         2          0          0          0          0          0   libshutdown.o
         2          0          0          0          0          0   libshutdown2.o
         8          4          0          0         96         68   libspace.o
         2          0          0          0          0          0   rtexit.o
        10          0          0          0          0          0   rtexit2.o
        12          4          0          0          0         68   sys_exit.o
        74          0          0          0          0         80   sys_stackheap_outer.o
         2          0          0          0          0         68   use_no_semi.o
        24          0          0          0          0        164   basic.o
       804         16          0          0          0        368   daddsub_clz.o
        24          0          0          0          0        116   dcmpi.o
       688        140          0          0          0        256   ddiv.o
       120          4          0          0          0        140   deqf.o
        94          4          0          0          0        140   dfix.o
        46          0          0          0          0        116   dflt_clz.o
       120          4          0          0          0        140   dleqf.o
       340         12          0          0          0        152   dmul.o
       156          4          0          0          0        140   dnaninf.o
        12          0          0          0          0        116   dretinf.o
       108          0          0          0          0        128   drleqf.o
        10          0          0          0          0        116   fpinit.o
         0          0          0          0          0          0   usenofp.o

    ----------------------------------------------------------------------
      2888        200          0          0         96       2668   Library Totals
         8          0          0          0          0          0   (incl. Padding)

    ----------------------------------------------------------------------

      Code (inc. data)   RO Data    RW Data    ZI Data      Debug   Library Name

       334         16          0          0         96        576   c_w.l
      2546        184          0          0          0       2092   fz_wm.l

    ----------------------------------------------------------------------
      2888        200          0          0         96       2668   Library Totals

    ----------------------------------------------------------------------

==============================================================================


      Code (inc. data)   RO Data    RW Data    ZI Data      Debug   

     12828        896        424       1940       2140     356844   Grand Totals
     12828        896        424        208       2140     356844   ELF Image Totals (compressed)
     12828        896        424        208          0          0   ROM Totals

==============================================================================

    Total RO  Size (Code + RO Data)                13252 (  12.94kB)
    Total RW  Size (RW Data + ZI Data)              4080 (   3.98kB)
    Total ROM Size (Code + RO Data + RW Data)      13460 (  13.14kB)

==============================================================================

